<?xml version="1.0" encoding="ISO-8859-1" ?>
<link_info>
   <banner>TI ARM Linker PC v20.2.5.LTS</banner>
   <copyright>Copyright (c) 1996-2018 Texas Instruments Incorporated</copyright>
   <link_time>0x626594ee</link_time>
   <link_errors>0x0</link_errors>
   <output_file>pwm_dead_band.out</output_file>
   <entry_point>
      <name>_c_int00_noargs</name>
      <address>0xaf9</address>
   </entry_point>
   <input_file_list>
      <input_file id="fl-2">
         <path>.\</path>
         <kind>object</kind>
         <file>pwm_dead_band.obj</file>
         <name>pwm_dead_band.obj</name>
      </input_file>
      <input_file id="fl-3">
         <path>.\</path>
         <kind>object</kind>
         <file>startup_ccs.obj</file>
         <name>startup_ccs.obj</name>
      </input_file>
      <input_file id="fl-4">
         <path>.\drivers\</path>
         <kind>object</kind>
         <file>pinout.obj</file>
         <name>pinout.obj</name>
      </input_file>
      <input_file id="fl-5">
         <path>.\utils\</path>
         <kind>object</kind>
         <file>uartstdio.obj</file>
         <name>uartstdio.obj</name>
      </input_file>
      <input_file id="fl-a">
         <kind>object</kind>
         <file>&lt;internal&gt;</file>
         <name>&lt;internal&gt;</name>
      </input_file>
      <input_file id="fl-b">
         <path>C:\ti\TivaWare_C_Series-2.2.0.295\driverlib\ccs\Debug\</path>
         <kind>archive</kind>
         <file>driverlib.lib</file>
         <name>gpio.obj</name>
      </input_file>
      <input_file id="fl-c">
         <path>C:\ti\TivaWare_C_Series-2.2.0.295\driverlib\ccs\Debug\</path>
         <kind>archive</kind>
         <file>driverlib.lib</file>
         <name>interrupt.obj</name>
      </input_file>
      <input_file id="fl-d">
         <path>C:\ti\TivaWare_C_Series-2.2.0.295\driverlib\ccs\Debug\</path>
         <kind>archive</kind>
         <file>driverlib.lib</file>
         <name>sysctl.obj</name>
      </input_file>
      <input_file id="fl-e">
         <path>C:\ti\TivaWare_C_Series-2.2.0.295\driverlib\ccs\Debug\</path>
         <kind>archive</kind>
         <file>driverlib.lib</file>
         <name>cpu.obj</name>
      </input_file>
      <input_file id="fl-c4">
         <path>C:\ti\ccs1110\ccs\tools\compiler\ti-cgt-arm_20.2.5.LTS\lib\</path>
         <kind>archive</kind>
         <file>rtsv7M4_T_le_v4SPD16_eabi.lib</file>
         <name>u_divt2.asm.obj</name>
      </input_file>
      <input_file id="fl-c5">
         <path>C:\ti\ccs1110\ccs\tools\compiler\ti-cgt-arm_20.2.5.LTS\lib\</path>
         <kind>archive</kind>
         <file>rtsv7M4_T_le_v4SPD16_eabi.lib</file>
         <name>copy_zero_init.c.obj</name>
      </input_file>
      <input_file id="fl-c6">
         <path>C:\ti\ccs1110\ccs\tools\compiler\ti-cgt-arm_20.2.5.LTS\lib\</path>
         <kind>archive</kind>
         <file>rtsv7M4_T_le_v4SPD16_eabi.lib</file>
         <name>copy_decompress_none.c.obj</name>
      </input_file>
      <input_file id="fl-c7">
         <path>C:\ti\ccs1110\ccs\tools\compiler\ti-cgt-arm_20.2.5.LTS\lib\</path>
         <kind>archive</kind>
         <file>rtsv7M4_T_le_v4SPD16_eabi.lib</file>
         <name>copy_decompress_lzss.c.obj</name>
      </input_file>
      <input_file id="fl-c8">
         <path>C:\ti\ccs1110\ccs\tools\compiler\ti-cgt-arm_20.2.5.LTS\lib\</path>
         <kind>archive</kind>
         <file>rtsv7M4_T_le_v4SPD16_eabi.lib</file>
         <name>boot_cortex_m.c.obj</name>
      </input_file>
      <input_file id="fl-c9">
         <path>C:\ti\ccs1110\ccs\tools\compiler\ti-cgt-arm_20.2.5.LTS\lib\</path>
         <kind>archive</kind>
         <file>rtsv7M4_T_le_v4SPD16_eabi.lib</file>
         <name>div0.asm.obj</name>
      </input_file>
      <input_file id="fl-ca">
         <path>C:\ti\ccs1110\ccs\tools\compiler\ti-cgt-arm_20.2.5.LTS\lib\</path>
         <kind>archive</kind>
         <file>rtsv7M4_T_le_v4SPD16_eabi.lib</file>
         <name>memcpy_t2.asm.obj</name>
      </input_file>
      <input_file id="fl-cb">
         <path>C:\ti\ccs1110\ccs\tools\compiler\ti-cgt-arm_20.2.5.LTS\lib\</path>
         <kind>archive</kind>
         <file>rtsv7M4_T_le_v4SPD16_eabi.lib</file>
         <name>memset_t2.asm.obj</name>
      </input_file>
      <input_file id="fl-cc">
         <path>C:\ti\ccs1110\ccs\tools\compiler\ti-cgt-arm_20.2.5.LTS\lib\</path>
         <kind>archive</kind>
         <file>rtsv7M4_T_le_v4SPD16_eabi.lib</file>
         <name>autoinit.c.obj</name>
      </input_file>
      <input_file id="fl-cd">
         <path>C:\ti\ccs1110\ccs\tools\compiler\ti-cgt-arm_20.2.5.LTS\lib\</path>
         <kind>archive</kind>
         <file>rtsv7M4_T_le_v4SPD16_eabi.lib</file>
         <name>pre_init.c.obj</name>
      </input_file>
      <input_file id="fl-ce">
         <path>C:\ti\ccs1110\ccs\tools\compiler\ti-cgt-arm_20.2.5.LTS\lib\</path>
         <kind>archive</kind>
         <file>rtsv7M4_T_le_v4SPD16_eabi.lib</file>
         <name>cpy_tbl.c.obj</name>
      </input_file>
      <input_file id="fl-cf">
         <path>C:\ti\ccs1110\ccs\tools\compiler\ti-cgt-arm_20.2.5.LTS\lib\</path>
         <kind>archive</kind>
         <file>rtsv7M4_T_le_v4SPD16_eabi.lib</file>
         <name>exit.c.obj</name>
      </input_file>
      <input_file id="fl-d0">
         <path>C:\ti\ccs1110\ccs\tools\compiler\ti-cgt-arm_20.2.5.LTS\lib\</path>
         <kind>archive</kind>
         <file>rtsv7M4_T_le_v4SPD16_eabi.lib</file>
         <name>_lock.c.obj</name>
      </input_file>
      <input_file id="fl-d1">
         <path>C:\ti\ccs1110\ccs\tools\compiler\ti-cgt-arm_20.2.5.LTS\lib\</path>
         <kind>archive</kind>
         <file>rtsv7M4_T_le_v4SPD16_eabi.lib</file>
         <name>args_main.c.obj</name>
      </input_file>
   </input_file_list>
   <object_component_list>
      <object_component id="oc-13">
         <name>.intvecs</name>
         <load_address>0x0</load_address>
         <run_address>0x0</run_address>
         <size>0x200</size>
         <input_file_ref idref="fl-3"/>
      </object_component>
      <object_component id="oc-b1">
         <name>.text:main</name>
         <load_address>0x200</load_address>
         <run_address>0x200</run_address>
         <size>0x22c</size>
         <input_file_ref idref="fl-2"/>
      </object_component>
      <object_component id="oc-df">
         <name>.text:SysCtlClockFreqSet</name>
         <load_address>0x42c</load_address>
         <run_address>0x42c</run_address>
         <size>0x200</size>
         <input_file_ref idref="fl-d"/>
      </object_component>
      <object_component id="oc-15d">
         <name>.text:UARTvprintf</name>
         <load_address>0x62c</load_address>
         <run_address>0x62c</run_address>
         <size>0x1ee</size>
         <input_file_ref idref="fl-5"/>
      </object_component>
      <object_component id="oc-4e">
         <name>.text</name>
         <load_address>0x81a</load_address>
         <run_address>0x81a</run_address>
         <size>0x9c</size>
         <input_file_ref idref="fl-ca"/>
      </object_component>
      <object_component id="oc-16">
         <name>.text:decompress:lzss:__TI_decompress_lzss</name>
         <load_address>0x8b6</load_address>
         <run_address>0x8b6</run_address>
         <size>0x68</size>
         <input_file_ref idref="fl-c7"/>
      </object_component>
      <object_component id="oc-34">
         <name>.text:FaultISR</name>
         <load_address>0x91e</load_address>
         <run_address>0x91e</run_address>
         <size>0x2</size>
         <input_file_ref idref="fl-3"/>
      </object_component>
      <object_component id="oc-156">
         <name>.text:UARTStdioConfig</name>
         <load_address>0x920</load_address>
         <run_address>0x920</run_address>
         <size>0x60</size>
         <input_file_ref idref="fl-5"/>
      </object_component>
      <object_component id="oc-e5">
         <name>.text:ConfigureUART</name>
         <load_address>0x980</load_address>
         <run_address>0x980</run_address>
         <size>0x5c</size>
         <input_file_ref idref="fl-2"/>
      </object_component>
      <object_component id="oc-1b8">
         <name>.text:UARTwrite</name>
         <load_address>0x9dc</load_address>
         <run_address>0x9dc</run_address>
         <size>0x50</size>
         <input_file_ref idref="fl-5"/>
      </object_component>
      <object_component id="oc-140">
         <name>.text:_SysCtlFrequencyGet</name>
         <load_address>0xa2c</load_address>
         <run_address>0xa2c</run_address>
         <size>0x48</size>
         <input_file_ref idref="fl-d"/>
      </object_component>
      <object_component id="oc-106">
         <name>.text:__TI_auto_init_nobinit_nopinit:__TI_auto_init_nobinit_nopinit</name>
         <load_address>0xa74</load_address>
         <run_address>0xa74</run_address>
         <size>0x44</size>
         <input_file_ref idref="fl-cc"/>
      </object_component>
      <object_component id="oc-1be">
         <name>.text</name>
         <load_address>0xab8</load_address>
         <run_address>0xab8</run_address>
         <size>0x40</size>
         <input_file_ref idref="fl-c4"/>
      </object_component>
      <object_component id="oc-6c">
         <name>.text:_c_int00_noargs:_c_int00_noargs</name>
         <load_address>0xaf8</load_address>
         <run_address>0xaf8</run_address>
         <size>0x34</size>
         <input_file_ref idref="fl-c8"/>
      </object_component>
      <object_component id="oc-f1">
         <name>.text:run_motor_speed</name>
         <load_address>0xb2c</load_address>
         <run_address>0xb2c</run_address>
         <size>0x24</size>
         <input_file_ref idref="fl-2"/>
      </object_component>
      <object_component id="oc-13a">
         <name>.text:_SysCtlMemTimingGet</name>
         <load_address>0xb50</load_address>
         <run_address>0xb50</run_address>
         <size>0x20</size>
         <input_file_ref idref="fl-d"/>
      </object_component>
      <object_component id="oc-5a">
         <name>.text:decompress:ZI:__TI_zero_init_nomemset:__TI_zero_init_nomemset</name>
         <load_address>0xb70</load_address>
         <run_address>0xb70</run_address>
         <size>0x1c</size>
         <input_file_ref idref="fl-c5"/>
      </object_component>
      <object_component id="oc-eb">
         <name>.text:UARTprintf</name>
         <load_address>0xb8c</load_address>
         <run_address>0xb8c</run_address>
         <size>0x1a</size>
         <input_file_ref idref="fl-5"/>
      </object_component>
      <object_component id="oc-1c">
         <name>.text:decompress:none:__TI_decompress_none</name>
         <load_address>0xba6</load_address>
         <run_address>0xba6</run_address>
         <size>0xe</size>
         <input_file_ref idref="fl-c6"/>
      </object_component>
      <object_component id="oc-28">
         <name>.text:ResetISR</name>
         <load_address>0xbb4</load_address>
         <run_address>0xbb4</run_address>
         <size>0x6</size>
         <input_file_ref idref="fl-3"/>
      </object_component>
      <object_component id="oc-ab">
         <name>.text:_system_pre_init</name>
         <load_address>0xbba</load_address>
         <run_address>0xbba</run_address>
         <size>0x4</size>
         <input_file_ref idref="fl-cd"/>
      </object_component>
      <object_component id="oc-fa">
         <name>.text:abort:abort</name>
         <load_address>0xbbe</load_address>
         <run_address>0xbbe</run_address>
         <size>0x4</size>
         <input_file_ref idref="fl-cf"/>
      </object_component>
      <object_component id="oc-3a">
         <name>.text:IntDefaultHandler</name>
         <load_address>0xbc2</load_address>
         <run_address>0xbc2</run_address>
         <size>0x2</size>
         <input_file_ref idref="fl-3"/>
      </object_component>
      <object_component id="oc-2e">
         <name>.text:NmiSR</name>
         <load_address>0xbc4</load_address>
         <run_address>0xbc4</run_address>
         <size>0x2</size>
         <input_file_ref idref="fl-3"/>
      </object_component>
      <object_component id="oc-1f3">
         <name>.text</name>
         <load_address>0xbc6</load_address>
         <run_address>0xbc6</run_address>
         <size>0x2</size>
         <input_file_ref idref="fl-c9"/>
      </object_component>
      <object_component id="oc-149">
         <name>.const:g_pppui32XTALtoVCO</name>
         <load_address>0xbc8</load_address>
         <run_address>0xbc8</run_address>
         <size>0x1b0</size>
         <input_file_ref idref="fl-d"/>
      </object_component>
      <object_component id="oc-146">
         <name>.const:g_pui32Xtals</name>
         <load_address>0xd78</load_address>
         <run_address>0xd78</run_address>
         <size>0x6c</size>
         <input_file_ref idref="fl-d"/>
      </object_component>
      <object_component id="oc-18b">
         <name>.const:g_sXTALtoMEMTIM</name>
         <load_address>0xde4</load_address>
         <run_address>0xde4</run_address>
         <size>0x30</size>
         <input_file_ref idref="fl-d"/>
      </object_component>
      <object_component id="oc-1ae">
         <name>.const:g_ui32UARTBase</name>
         <load_address>0xe14</load_address>
         <run_address>0xe14</run_address>
         <size>0xc</size>
         <input_file_ref idref="fl-5"/>
      </object_component>
      <object_component id="oc-1ab">
         <name>.const:g_ui32UARTPeriph</name>
         <load_address>0xe20</load_address>
         <run_address>0xe20</run_address>
         <size>0xc</size>
         <input_file_ref idref="fl-5"/>
      </object_component>
      <object_component id="oc-14c">
         <name>.const:g_pui32VCOFrequencies</name>
         <load_address>0xe2c</load_address>
         <run_address>0xe2c</run_address>
         <size>0x8</size>
         <input_file_ref idref="fl-d"/>
      </object_component>
      <object_component id="oc-238">
         <name>__TI_handler_table</name>
         <load_address>0xe38</load_address>
         <run_address>0xe38</run_address>
         <size>0xc</size>
      </object_component>
      <object_component id="oc-23b">
         <name>.cinit..bss.load</name>
         <load_address>0xe48</load_address>
         <run_address>0xe48</run_address>
         <size>0x8</size>
      </object_component>
      <object_component id="oc-23a">
         <name>.cinit..data.load</name>
         <load_address>0xe50</load_address>
         <run_address>0xe50</run_address>
         <size>0x7</size>
      </object_component>
      <object_component id="oc-239">
         <name>__TI_cinit_table</name>
         <load_address>0xe58</load_address>
         <run_address>0xe58</run_address>
         <size>0x10</size>
      </object_component>
      <object_component id="oc-1b1">
         <name>.data</name>
         <load_address>0x20000208</load_address>
         <run_address>0x20000208</run_address>
         <size>0x5</size>
         <input_file_ref idref="fl-5"/>
      </object_component>
      <object_component id="oc-f7">
         <name>.common:g_ui32SysClock</name>
         <uninitialized>true</uninitialized>
         <run_address>0x20000204</run_address>
         <size>0x4</size>
      </object_component>
      <object_component id="oc-f8">
         <name>.common:g_ui32PWMIncrement</name>
         <uninitialized>true</uninitialized>
         <run_address>0x20000200</run_address>
         <size>0x4</size>
      </object_component>
      <object_component id="oc-25">
         <name>.stack</name>
         <uninitialized>true</uninitialized>
         <run_address>0x20000000</run_address>
         <size>0x4</size>
         <input_file_ref idref="fl-c8"/>
      </object_component>
      <object_component id="oc-23d">
         <name>.stack</name>
         <uninitialized>true</uninitialized>
         <run_address>0x20000000</run_address>
         <size>0x0</size>
      </object_component>
      <object_component id="oc-cd">
         <name>.debug_info</name>
         <load_address>0x0</load_address>
         <run_address>0x0</run_address>
         <size>0x36b</size>
         <input_file_ref idref="fl-2"/>
      </object_component>
      <object_component id="oc-f4">
         <name>.debug_info</name>
         <load_address>0x36b</load_address>
         <run_address>0x36b</run_address>
         <size>0x13f</size>
         <input_file_ref idref="fl-2"/>
      </object_component>
      <object_component id="oc-e6">
         <name>.debug_info</name>
         <load_address>0x4aa</load_address>
         <run_address>0x4aa</run_address>
         <size>0x146</size>
         <input_file_ref idref="fl-2"/>
      </object_component>
      <object_component id="oc-b3">
         <name>.debug_info</name>
         <load_address>0x5f0</load_address>
         <run_address>0x5f0</run_address>
         <size>0x2a5</size>
         <input_file_ref idref="fl-2"/>
      </object_component>
      <object_component id="oc-86">
         <name>.debug_info</name>
         <load_address>0x895</load_address>
         <run_address>0x895</run_address>
         <size>0x26b</size>
         <input_file_ref idref="fl-2"/>
      </object_component>
      <object_component id="oc-c8">
         <name>.debug_info</name>
         <load_address>0xb00</load_address>
         <run_address>0xb00</run_address>
         <size>0x8b</size>
         <input_file_ref idref="fl-2"/>
      </object_component>
      <object_component id="oc-c3">
         <name>.debug_info</name>
         <load_address>0xb8b</load_address>
         <run_address>0xb8b</run_address>
         <size>0x2a4</size>
         <input_file_ref idref="fl-2"/>
      </object_component>
      <object_component id="oc-8b">
         <name>.debug_info</name>
         <load_address>0xe2f</load_address>
         <run_address>0xe2f</run_address>
         <size>0xbb</size>
         <input_file_ref idref="fl-2"/>
      </object_component>
      <object_component id="oc-165">
         <name>.debug_info</name>
         <load_address>0xeea</load_address>
         <run_address>0xeea</run_address>
         <size>0x2c</size>
         <input_file_ref idref="fl-2"/>
      </object_component>
      <object_component id="oc-42">
         <name>.debug_info</name>
         <load_address>0xf16</load_address>
         <run_address>0xf16</run_address>
         <size>0x28e</size>
         <input_file_ref idref="fl-3"/>
      </object_component>
      <object_component id="oc-14">
         <name>.debug_info</name>
         <load_address>0x11a4</load_address>
         <run_address>0x11a4</run_address>
         <size>0xcd</size>
         <input_file_ref idref="fl-3"/>
      </object_component>
      <object_component id="oc-29">
         <name>.debug_info</name>
         <load_address>0x1271</load_address>
         <run_address>0x1271</run_address>
         <size>0xfd</size>
         <input_file_ref idref="fl-3"/>
      </object_component>
      <object_component id="oc-32">
         <name>.debug_info</name>
         <load_address>0x136e</load_address>
         <run_address>0x136e</run_address>
         <size>0xeb</size>
         <input_file_ref idref="fl-3"/>
      </object_component>
      <object_component id="oc-3b">
         <name>.debug_info</name>
         <load_address>0x1459</load_address>
         <run_address>0x1459</run_address>
         <size>0x106</size>
         <input_file_ref idref="fl-3"/>
      </object_component>
      <object_component id="oc-37">
         <name>.debug_info</name>
         <load_address>0x155f</load_address>
         <run_address>0x155f</run_address>
         <size>0xf1</size>
         <input_file_ref idref="fl-3"/>
      </object_component>
      <object_component id="oc-49">
         <name>.debug_info</name>
         <load_address>0x1650</load_address>
         <run_address>0x1650</run_address>
         <size>0x84</size>
         <input_file_ref idref="fl-3"/>
      </object_component>
      <object_component id="oc-164">
         <name>.debug_info</name>
         <load_address>0x16d4</load_address>
         <run_address>0x16d4</run_address>
         <size>0x2aa</size>
         <input_file_ref idref="fl-5"/>
      </object_component>
      <object_component id="oc-1b2">
         <name>.debug_info</name>
         <load_address>0x197e</load_address>
         <run_address>0x197e</run_address>
         <size>0xeb</size>
         <input_file_ref idref="fl-5"/>
      </object_component>
      <object_component id="oc-1af">
         <name>.debug_info</name>
         <load_address>0x1a69</load_address>
         <run_address>0x1a69</run_address>
         <size>0xf3</size>
         <input_file_ref idref="fl-5"/>
      </object_component>
      <object_component id="oc-1ac">
         <name>.debug_info</name>
         <load_address>0x1b5c</load_address>
         <run_address>0x1b5c</run_address>
         <size>0xf7</size>
         <input_file_ref idref="fl-5"/>
      </object_component>
      <object_component id="oc-1b9">
         <name>.debug_info</name>
         <load_address>0x1c53</load_address>
         <run_address>0x1c53</run_address>
         <size>0x1e2</size>
         <input_file_ref idref="fl-5"/>
      </object_component>
      <object_component id="oc-15e">
         <name>.debug_info</name>
         <load_address>0x1e35</load_address>
         <run_address>0x1e35</run_address>
         <size>0x314</size>
         <input_file_ref idref="fl-5"/>
      </object_component>
      <object_component id="oc-ec">
         <name>.debug_info</name>
         <load_address>0x2149</load_address>
         <run_address>0x2149</run_address>
         <size>0x1af</size>
         <input_file_ref idref="fl-5"/>
      </object_component>
      <object_component id="oc-1b4">
         <name>.debug_info</name>
         <load_address>0x22f8</load_address>
         <run_address>0x22f8</run_address>
         <size>0x22d</size>
         <input_file_ref idref="fl-5"/>
      </object_component>
      <object_component id="oc-158">
         <name>.debug_info</name>
         <load_address>0x2525</load_address>
         <run_address>0x2525</run_address>
         <size>0x245</size>
         <input_file_ref idref="fl-5"/>
      </object_component>
      <object_component id="oc-1e9">
         <name>.debug_info</name>
         <load_address>0x276a</load_address>
         <run_address>0x276a</run_address>
         <size>0x3e4</size>
         <input_file_ref idref="fl-b"/>
      </object_component>
      <object_component id="oc-1a6">
         <name>.debug_info</name>
         <load_address>0x2b4e</load_address>
         <run_address>0x2b4e</run_address>
         <size>0x26b</size>
         <input_file_ref idref="fl-b"/>
      </object_component>
      <object_component id="oc-19b">
         <name>.debug_info</name>
         <load_address>0x2db9</load_address>
         <run_address>0x2db9</run_address>
         <size>0x297</size>
         <input_file_ref idref="fl-b"/>
      </object_component>
      <object_component id="oc-190">
         <name>.debug_info</name>
         <load_address>0x3050</load_address>
         <run_address>0x3050</run_address>
         <size>0xef</size>
         <input_file_ref idref="fl-b"/>
      </object_component>
      <object_component id="oc-150">
         <name>.debug_info</name>
         <load_address>0x313f</load_address>
         <run_address>0x313f</run_address>
         <size>0xbb</size>
         <input_file_ref idref="fl-b"/>
      </object_component>
      <object_component id="oc-155">
         <name>.debug_info</name>
         <load_address>0x31fa</load_address>
         <run_address>0x31fa</run_address>
         <size>0x441</size>
         <input_file_ref idref="fl-d"/>
      </object_component>
      <object_component id="oc-147">
         <name>.debug_info</name>
         <load_address>0x363b</load_address>
         <run_address>0x363b</run_address>
         <size>0x156</size>
         <input_file_ref idref="fl-d"/>
      </object_component>
      <object_component id="oc-14a">
         <name>.debug_info</name>
         <load_address>0x3791</load_address>
         <run_address>0x3791</run_address>
         <size>0x162</size>
         <input_file_ref idref="fl-d"/>
      </object_component>
      <object_component id="oc-18c">
         <name>.debug_info</name>
         <load_address>0x38f3</load_address>
         <run_address>0x38f3</run_address>
         <size>0x15c</size>
         <input_file_ref idref="fl-d"/>
      </object_component>
      <object_component id="oc-14d">
         <name>.debug_info</name>
         <load_address>0x3a4f</load_address>
         <run_address>0x3a4f</run_address>
         <size>0x169</size>
         <input_file_ref idref="fl-d"/>
      </object_component>
      <object_component id="oc-13c">
         <name>.debug_info</name>
         <load_address>0x3bb8</load_address>
         <run_address>0x3bb8</run_address>
         <size>0x279</size>
         <input_file_ref idref="fl-d"/>
      </object_component>
      <object_component id="oc-142">
         <name>.debug_info</name>
         <load_address>0x3e31</load_address>
         <run_address>0x3e31</run_address>
         <size>0x2c3</size>
         <input_file_ref idref="fl-d"/>
      </object_component>
      <object_component id="oc-e1">
         <name>.debug_info</name>
         <load_address>0x40f4</load_address>
         <run_address>0x40f4</run_address>
         <size>0x4a3</size>
         <input_file_ref idref="fl-d"/>
      </object_component>
      <object_component id="oc-1a2">
         <name>.debug_info</name>
         <load_address>0x4597</load_address>
         <run_address>0x4597</run_address>
         <size>0x51</size>
         <input_file_ref idref="fl-d"/>
      </object_component>
      <object_component id="oc-1c1">
         <name>.debug_info</name>
         <load_address>0x45e8</load_address>
         <run_address>0x45e8</run_address>
         <size>0x142</size>
         <input_file_ref idref="fl-c4"/>
      </object_component>
      <object_component id="oc-a4">
         <name>.debug_info</name>
         <load_address>0x472a</load_address>
         <run_address>0x472a</run_address>
         <size>0x2d4</size>
         <input_file_ref idref="fl-c5"/>
      </object_component>
      <object_component id="oc-5e">
         <name>.debug_info</name>
         <load_address>0x49fe</load_address>
         <run_address>0x49fe</run_address>
         <size>0x1d2</size>
         <input_file_ref idref="fl-c5"/>
      </object_component>
      <object_component id="oc-9f">
         <name>.debug_info</name>
         <load_address>0x4bd0</load_address>
         <run_address>0x4bd0</run_address>
         <size>0x46</size>
         <input_file_ref idref="fl-c5"/>
      </object_component>
      <object_component id="oc-d6">
         <name>.debug_info</name>
         <load_address>0x4c16</load_address>
         <run_address>0x4c16</run_address>
         <size>0x2c</size>
         <input_file_ref idref="fl-c5"/>
      </object_component>
      <object_component id="oc-59">
         <name>.debug_info</name>
         <load_address>0x4c42</load_address>
         <run_address>0x4c42</run_address>
         <size>0x2a8</size>
         <input_file_ref idref="fl-c6"/>
      </object_component>
      <object_component id="oc-1d">
         <name>.debug_info</name>
         <load_address>0x4eea</load_address>
         <run_address>0x4eea</run_address>
         <size>0x1ea</size>
         <input_file_ref idref="fl-c6"/>
      </object_component>
      <object_component id="oc-54">
         <name>.debug_info</name>
         <load_address>0x50d4</load_address>
         <run_address>0x50d4</run_address>
         <size>0x46</size>
         <input_file_ref idref="fl-c6"/>
      </object_component>
      <object_component id="oc-97">
         <name>.debug_info</name>
         <load_address>0x511a</load_address>
         <run_address>0x511a</run_address>
         <size>0x2c</size>
         <input_file_ref idref="fl-c6"/>
      </object_component>
      <object_component id="oc-95">
         <name>.debug_info</name>
         <load_address>0x5146</load_address>
         <run_address>0x5146</run_address>
         <size>0x29e</size>
         <input_file_ref idref="fl-c7"/>
      </object_component>
      <object_component id="oc-18">
         <name>.debug_info</name>
         <load_address>0x53e4</load_address>
         <run_address>0x53e4</run_address>
         <size>0x250</size>
         <input_file_ref idref="fl-c7"/>
      </object_component>
      <object_component id="oc-44">
         <name>.debug_info</name>
         <load_address>0x5634</load_address>
         <run_address>0x5634</run_address>
         <size>0x60</size>
         <input_file_ref idref="fl-c7"/>
      </object_component>
      <object_component id="oc-cf">
         <name>.debug_info</name>
         <load_address>0x5694</load_address>
         <run_address>0x5694</run_address>
         <size>0x46</size>
         <input_file_ref idref="fl-c7"/>
      </object_component>
      <object_component id="oc-90">
         <name>.debug_info</name>
         <load_address>0x56da</load_address>
         <run_address>0x56da</run_address>
         <size>0x39</size>
         <input_file_ref idref="fl-c7"/>
      </object_component>
      <object_component id="oc-26">
         <name>.debug_info</name>
         <load_address>0x5713</load_address>
         <run_address>0x5713</run_address>
         <size>0x10b</size>
         <input_file_ref idref="fl-c8"/>
      </object_component>
      <object_component id="oc-6d">
         <name>.debug_info</name>
         <load_address>0x581e</load_address>
         <run_address>0x581e</run_address>
         <size>0x1a9</size>
         <input_file_ref idref="fl-c8"/>
      </object_component>
      <object_component id="oc-1f4">
         <name>.debug_info</name>
         <load_address>0x59c7</load_address>
         <run_address>0x59c7</run_address>
         <size>0x115</size>
         <input_file_ref idref="fl-c9"/>
      </object_component>
      <object_component id="oc-51">
         <name>.debug_info</name>
         <load_address>0x5adc</load_address>
         <run_address>0x5adc</run_address>
         <size>0x119</size>
         <input_file_ref idref="fl-ca"/>
      </object_component>
      <object_component id="oc-176">
         <name>.debug_info</name>
         <load_address>0x5bf5</load_address>
         <run_address>0x5bf5</run_address>
         <size>0x4b3</size>
         <input_file_ref idref="fl-cc"/>
      </object_component>
      <object_component id="oc-109">
         <name>.debug_info</name>
         <load_address>0x60a8</load_address>
         <run_address>0x60a8</run_address>
         <size>0x1a6</size>
         <input_file_ref idref="fl-cc"/>
      </object_component>
      <object_component id="oc-1d6">
         <name>.debug_info</name>
         <load_address>0x624e</load_address>
         <run_address>0x624e</run_address>
         <size>0x39</size>
         <input_file_ref idref="fl-cc"/>
      </object_component>
      <object_component id="oc-1fc">
         <name>.debug_info</name>
         <load_address>0x6287</load_address>
         <run_address>0x6287</run_address>
         <size>0x39</size>
         <input_file_ref idref="fl-cc"/>
      </object_component>
      <object_component id="oc-1db">
         <name>.debug_info</name>
         <load_address>0x62c0</load_address>
         <run_address>0x62c0</run_address>
         <size>0x39</size>
         <input_file_ref idref="fl-cc"/>
      </object_component>
      <object_component id="oc-1e0">
         <name>.debug_info</name>
         <load_address>0x62f9</load_address>
         <run_address>0x62f9</run_address>
         <size>0xcd</size>
         <input_file_ref idref="fl-cc"/>
      </object_component>
      <object_component id="oc-ad">
         <name>.debug_info</name>
         <load_address>0x63c6</load_address>
         <run_address>0x63c6</run_address>
         <size>0x153</size>
         <input_file_ref idref="fl-cd"/>
      </object_component>
      <object_component id="oc-fe">
         <name>.debug_info</name>
         <load_address>0x6519</load_address>
         <run_address>0x6519</run_address>
         <size>0x122</size>
         <input_file_ref idref="fl-cf"/>
      </object_component>
      <object_component id="oc-23e">
         <name>.debug_info</name>
         <load_address>0x663b</load_address>
         <run_address>0x663b</run_address>
         <size>0x8d</size>
      </object_component>
      <object_component id="oc-139">
         <name>.debug_line</name>
         <load_address>0x0</load_address>
         <run_address>0x0</run_address>
         <size>0xa5</size>
         <input_file_ref idref="fl-2"/>
      </object_component>
      <object_component id="oc-f2">
         <name>.debug_line</name>
         <load_address>0xa5</load_address>
         <run_address>0xa5</run_address>
         <size>0x4b</size>
         <input_file_ref idref="fl-2"/>
      </object_component>
      <object_component id="oc-ea">
         <name>.debug_line</name>
         <load_address>0xf0</load_address>
         <run_address>0xf0</run_address>
         <size>0x50</size>
         <input_file_ref idref="fl-2"/>
      </object_component>
      <object_component id="oc-b6">
         <name>.debug_line</name>
         <load_address>0x140</load_address>
         <run_address>0x140</run_address>
         <size>0xb0</size>
         <input_file_ref idref="fl-2"/>
      </object_component>
      <object_component id="oc-89">
         <name>.debug_line</name>
         <load_address>0x1f0</load_address>
         <run_address>0x1f0</run_address>
         <size>0x6f</size>
         <input_file_ref idref="fl-2"/>
      </object_component>
      <object_component id="oc-cb">
         <name>.debug_line</name>
         <load_address>0x25f</load_address>
         <run_address>0x25f</run_address>
         <size>0x20</size>
         <input_file_ref idref="fl-2"/>
      </object_component>
      <object_component id="oc-c6">
         <name>.debug_line</name>
         <load_address>0x27f</load_address>
         <run_address>0x27f</run_address>
         <size>0x73</size>
         <input_file_ref idref="fl-2"/>
      </object_component>
      <object_component id="oc-8e">
         <name>.debug_line</name>
         <load_address>0x2f2</load_address>
         <run_address>0x2f2</run_address>
         <size>0x70</size>
         <input_file_ref idref="fl-2"/>
      </object_component>
      <object_component id="oc-168">
         <name>.debug_line</name>
         <load_address>0x362</load_address>
         <run_address>0x362</run_address>
         <size>0x6b</size>
         <input_file_ref idref="fl-2"/>
      </object_component>
      <object_component id="oc-85">
         <name>.debug_line</name>
         <load_address>0x3cd</load_address>
         <run_address>0x3cd</run_address>
         <size>0x34</size>
         <input_file_ref idref="fl-3"/>
      </object_component>
      <object_component id="oc-41">
         <name>.debug_line</name>
         <load_address>0x401</load_address>
         <run_address>0x401</run_address>
         <size>0x34</size>
         <input_file_ref idref="fl-3"/>
      </object_component>
      <object_component id="oc-2c">
         <name>.debug_line</name>
         <load_address>0x435</load_address>
         <run_address>0x435</run_address>
         <size>0x46</size>
         <input_file_ref idref="fl-3"/>
      </object_component>
      <object_component id="oc-2f">
         <name>.debug_line</name>
         <load_address>0x47b</load_address>
         <run_address>0x47b</run_address>
         <size>0x49</size>
         <input_file_ref idref="fl-3"/>
      </object_component>
      <object_component id="oc-3f">
         <name>.debug_line</name>
         <load_address>0x4c4</load_address>
         <run_address>0x4c4</run_address>
         <size>0x49</size>
         <input_file_ref idref="fl-3"/>
      </object_component>
      <object_component id="oc-36">
         <name>.debug_line</name>
         <load_address>0x50d</load_address>
         <run_address>0x50d</run_address>
         <size>0x49</size>
         <input_file_ref idref="fl-3"/>
      </object_component>
      <object_component id="oc-4c">
         <name>.debug_line</name>
         <load_address>0x556</load_address>
         <run_address>0x556</run_address>
         <size>0x20</size>
         <input_file_ref idref="fl-3"/>
      </object_component>
      <object_component id="oc-1c5">
         <name>.debug_line</name>
         <load_address>0x576</load_address>
         <run_address>0x576</run_address>
         <size>0x20</size>
         <input_file_ref idref="fl-5"/>
      </object_component>
      <object_component id="oc-1ef">
         <name>.debug_line</name>
         <load_address>0x596</load_address>
         <run_address>0x596</run_address>
         <size>0x57</size>
         <input_file_ref idref="fl-5"/>
      </object_component>
      <object_component id="oc-1ed">
         <name>.debug_line</name>
         <load_address>0x5ed</load_address>
         <run_address>0x5ed</run_address>
         <size>0x57</size>
         <input_file_ref idref="fl-5"/>
      </object_component>
      <object_component id="oc-1eb">
         <name>.debug_line</name>
         <load_address>0x644</load_address>
         <run_address>0x644</run_address>
         <size>0x57</size>
         <input_file_ref idref="fl-5"/>
      </object_component>
      <object_component id="oc-1bc">
         <name>.debug_line</name>
         <load_address>0x69b</load_address>
         <run_address>0x69b</run_address>
         <size>0x95</size>
         <input_file_ref idref="fl-5"/>
      </object_component>
      <object_component id="oc-161">
         <name>.debug_line</name>
         <load_address>0x730</load_address>
         <run_address>0x730</run_address>
         <size>0x186</size>
         <input_file_ref idref="fl-5"/>
      </object_component>
      <object_component id="oc-ef">
         <name>.debug_line</name>
         <load_address>0x8b6</load_address>
         <run_address>0x8b6</run_address>
         <size>0x6e</size>
         <input_file_ref idref="fl-5"/>
      </object_component>
      <object_component id="oc-1f1">
         <name>.debug_line</name>
         <load_address>0x924</load_address>
         <run_address>0x924</run_address>
         <size>0xb2</size>
         <input_file_ref idref="fl-5"/>
      </object_component>
      <object_component id="oc-157">
         <name>.debug_line</name>
         <load_address>0x9d6</load_address>
         <run_address>0x9d6</run_address>
         <size>0x78</size>
         <input_file_ref idref="fl-5"/>
      </object_component>
      <object_component id="oc-209">
         <name>.debug_line</name>
         <load_address>0xa4e</load_address>
         <run_address>0xa4e</run_address>
         <size>0x82</size>
         <input_file_ref idref="fl-b"/>
      </object_component>
      <object_component id="oc-1a9">
         <name>.debug_line</name>
         <load_address>0xad0</load_address>
         <run_address>0xad0</run_address>
         <size>0x71</size>
         <input_file_ref idref="fl-b"/>
      </object_component>
      <object_component id="oc-19e">
         <name>.debug_line</name>
         <load_address>0xb41</load_address>
         <run_address>0xb41</run_address>
         <size>0x75</size>
         <input_file_ref idref="fl-b"/>
      </object_component>
      <object_component id="oc-193">
         <name>.debug_line</name>
         <load_address>0xbb6</load_address>
         <run_address>0xbb6</run_address>
         <size>0x71</size>
         <input_file_ref idref="fl-b"/>
      </object_component>
      <object_component id="oc-153">
         <name>.debug_line</name>
         <load_address>0xc27</load_address>
         <run_address>0xc27</run_address>
         <size>0x72</size>
         <input_file_ref idref="fl-b"/>
      </object_component>
      <object_component id="oc-1a1">
         <name>.debug_line</name>
         <load_address>0xc99</load_address>
         <run_address>0xc99</run_address>
         <size>0x13d</size>
         <input_file_ref idref="fl-d"/>
      </object_component>
      <object_component id="oc-196">
         <name>.debug_line</name>
         <load_address>0xdd6</load_address>
         <run_address>0xdd6</run_address>
         <size>0x7f</size>
         <input_file_ref idref="fl-d"/>
      </object_component>
      <object_component id="oc-198">
         <name>.debug_line</name>
         <load_address>0xe55</load_address>
         <run_address>0xe55</run_address>
         <size>0x7f</size>
         <input_file_ref idref="fl-d"/>
      </object_component>
      <object_component id="oc-1e8">
         <name>.debug_line</name>
         <load_address>0xed4</load_address>
         <run_address>0xed4</run_address>
         <size>0x7f</size>
         <input_file_ref idref="fl-d"/>
      </object_component>
      <object_component id="oc-19a">
         <name>.debug_line</name>
         <load_address>0xf53</load_address>
         <run_address>0xf53</run_address>
         <size>0x7f</size>
         <input_file_ref idref="fl-d"/>
      </object_component>
      <object_component id="oc-13b">
         <name>.debug_line</name>
         <load_address>0xfd2</load_address>
         <run_address>0xfd2</run_address>
         <size>0x9e</size>
         <input_file_ref idref="fl-d"/>
      </object_component>
      <object_component id="oc-141">
         <name>.debug_line</name>
         <load_address>0x1070</load_address>
         <run_address>0x1070</run_address>
         <size>0xae</size>
         <input_file_ref idref="fl-d"/>
      </object_component>
      <object_component id="oc-e0">
         <name>.debug_line</name>
         <load_address>0x111e</load_address>
         <run_address>0x111e</run_address>
         <size>0x192</size>
         <input_file_ref idref="fl-d"/>
      </object_component>
      <object_component id="oc-1a4">
         <name>.debug_line</name>
         <load_address>0x12b0</load_address>
         <run_address>0x12b0</run_address>
         <size>0x7f</size>
         <input_file_ref idref="fl-d"/>
      </object_component>
      <object_component id="oc-1bf">
         <name>.debug_line</name>
         <load_address>0x132f</load_address>
         <run_address>0x132f</run_address>
         <size>0x5b</size>
         <input_file_ref idref="fl-c4"/>
      </object_component>
      <object_component id="oc-dc">
         <name>.debug_line</name>
         <load_address>0x138a</load_address>
         <run_address>0x138a</run_address>
         <size>0x92</size>
         <input_file_ref idref="fl-c5"/>
      </object_component>
      <object_component id="oc-5d">
         <name>.debug_line</name>
         <load_address>0x141c</load_address>
         <run_address>0x141c</run_address>
         <size>0x56</size>
         <input_file_ref idref="fl-c5"/>
      </object_component>
      <object_component id="oc-a2">
         <name>.debug_line</name>
         <load_address>0x1472</load_address>
         <run_address>0x1472</run_address>
         <size>0x34</size>
         <input_file_ref idref="fl-c5"/>
      </object_component>
      <object_component id="oc-d9">
         <name>.debug_line</name>
         <load_address>0x14a6</load_address>
         <run_address>0x14a6</run_address>
         <size>0x92</size>
         <input_file_ref idref="fl-c5"/>
      </object_component>
      <object_component id="oc-9d">
         <name>.debug_line</name>
         <load_address>0x1538</load_address>
         <run_address>0x1538</run_address>
         <size>0x20</size>
         <input_file_ref idref="fl-c6"/>
      </object_component>
      <object_component id="oc-21">
         <name>.debug_line</name>
         <load_address>0x1558</load_address>
         <run_address>0x1558</run_address>
         <size>0x55</size>
         <input_file_ref idref="fl-c6"/>
      </object_component>
      <object_component id="oc-57">
         <name>.debug_line</name>
         <load_address>0x15ad</load_address>
         <run_address>0x15ad</run_address>
         <size>0x3a</size>
         <input_file_ref idref="fl-c6"/>
      </object_component>
      <object_component id="oc-9a">
         <name>.debug_line</name>
         <load_address>0x15e7</load_address>
         <run_address>0x15e7</run_address>
         <size>0x92</size>
         <input_file_ref idref="fl-c6"/>
      </object_component>
      <object_component id="oc-d5">
         <name>.debug_line</name>
         <load_address>0x1679</load_address>
         <run_address>0x1679</run_address>
         <size>0x20</size>
         <input_file_ref idref="fl-c7"/>
      </object_component>
      <object_component id="oc-17">
         <name>.debug_line</name>
         <load_address>0x1699</load_address>
         <run_address>0x1699</run_address>
         <size>0xa9</size>
         <input_file_ref idref="fl-c7"/>
      </object_component>
      <object_component id="oc-47">
         <name>.debug_line</name>
         <load_address>0x1742</load_address>
         <run_address>0x1742</run_address>
         <size>0x3a</size>
         <input_file_ref idref="fl-c7"/>
      </object_component>
      <object_component id="oc-d2">
         <name>.debug_line</name>
         <load_address>0x177c</load_address>
         <run_address>0x177c</run_address>
         <size>0x9a</size>
         <input_file_ref idref="fl-c7"/>
      </object_component>
      <object_component id="oc-93">
         <name>.debug_line</name>
         <load_address>0x1816</load_address>
         <run_address>0x1816</run_address>
         <size>0x96</size>
         <input_file_ref idref="fl-c7"/>
      </object_component>
      <object_component id="oc-7f">
         <name>.debug_line</name>
         <load_address>0x18ac</load_address>
         <run_address>0x18ac</run_address>
         <size>0x33</size>
         <input_file_ref idref="fl-c8"/>
      </object_component>
      <object_component id="oc-70">
         <name>.debug_line</name>
         <load_address>0x18df</load_address>
         <run_address>0x18df</run_address>
         <size>0x45</size>
         <input_file_ref idref="fl-c8"/>
      </object_component>
      <object_component id="oc-1f7">
         <name>.debug_line</name>
         <load_address>0x1924</load_address>
         <run_address>0x1924</run_address>
         <size>0x37</size>
         <input_file_ref idref="fl-c9"/>
      </object_component>
      <object_component id="oc-50">
         <name>.debug_line</name>
         <load_address>0x195b</load_address>
         <run_address>0x195b</run_address>
         <size>0x88</size>
         <input_file_ref idref="fl-ca"/>
      </object_component>
      <object_component id="oc-1d5">
         <name>.debug_line</name>
         <load_address>0x19e3</load_address>
         <run_address>0x19e3</run_address>
         <size>0xbf</size>
         <input_file_ref idref="fl-cc"/>
      </object_component>
      <object_component id="oc-107">
         <name>.debug_line</name>
         <load_address>0x1aa2</load_address>
         <run_address>0x1aa2</run_address>
         <size>0x6f</size>
         <input_file_ref idref="fl-cc"/>
      </object_component>
      <object_component id="oc-1d9">
         <name>.debug_line</name>
         <load_address>0x1b11</load_address>
         <run_address>0x1b11</run_address>
         <size>0x2e</size>
         <input_file_ref idref="fl-cc"/>
      </object_component>
      <object_component id="oc-1ff">
         <name>.debug_line</name>
         <load_address>0x1b3f</load_address>
         <run_address>0x1b3f</run_address>
         <size>0x9a</size>
         <input_file_ref idref="fl-cc"/>
      </object_component>
      <object_component id="oc-1de">
         <name>.debug_line</name>
         <load_address>0x1bd9</load_address>
         <run_address>0x1bd9</run_address>
         <size>0x97</size>
         <input_file_ref idref="fl-cc"/>
      </object_component>
      <object_component id="oc-1e3">
         <name>.debug_line</name>
         <load_address>0x1c70</load_address>
         <run_address>0x1c70</run_address>
         <size>0x93</size>
         <input_file_ref idref="fl-cc"/>
      </object_component>
      <object_component id="oc-b0">
         <name>.debug_line</name>
         <load_address>0x1d03</load_address>
         <run_address>0x1d03</run_address>
         <size>0x40</size>
         <input_file_ref idref="fl-cd"/>
      </object_component>
      <object_component id="oc-fb">
         <name>.debug_line</name>
         <load_address>0x1d43</load_address>
         <run_address>0x1d43</run_address>
         <size>0x3c</size>
         <input_file_ref idref="fl-cf"/>
      </object_component>
      <object_component id="oc-f3">
         <name>.debug_frame</name>
         <load_address>0x0</load_address>
         <run_address>0x0</run_address>
         <size>0x58</size>
         <input_file_ref idref="fl-2"/>
      </object_component>
      <object_component id="oc-e9">
         <name>.debug_frame</name>
         <load_address>0x58</load_address>
         <run_address>0x58</run_address>
         <size>0x58</size>
         <input_file_ref idref="fl-2"/>
      </object_component>
      <object_component id="oc-b2">
         <name>.debug_frame</name>
         <load_address>0xb0</load_address>
         <run_address>0xb0</run_address>
         <size>0x64</size>
         <input_file_ref idref="fl-2"/>
      </object_component>
      <object_component id="oc-2d">
         <name>.debug_frame</name>
         <load_address>0x114</load_address>
         <run_address>0x114</run_address>
         <size>0x54</size>
         <input_file_ref idref="fl-3"/>
      </object_component>
      <object_component id="oc-30">
         <name>.debug_frame</name>
         <load_address>0x168</load_address>
         <run_address>0x168</run_address>
         <size>0x54</size>
         <input_file_ref idref="fl-3"/>
      </object_component>
      <object_component id="oc-3e">
         <name>.debug_frame</name>
         <load_address>0x1bc</load_address>
         <run_address>0x1bc</run_address>
         <size>0x54</size>
         <input_file_ref idref="fl-3"/>
      </object_component>
      <object_component id="oc-35">
         <name>.debug_frame</name>
         <load_address>0x210</load_address>
         <run_address>0x210</run_address>
         <size>0x54</size>
         <input_file_ref idref="fl-3"/>
      </object_component>
      <object_component id="oc-1bd">
         <name>.debug_frame</name>
         <load_address>0x264</load_address>
         <run_address>0x264</run_address>
         <size>0x60</size>
         <input_file_ref idref="fl-5"/>
      </object_component>
      <object_component id="oc-162">
         <name>.debug_frame</name>
         <load_address>0x2c4</load_address>
         <run_address>0x2c4</run_address>
         <size>0x6c</size>
         <input_file_ref idref="fl-5"/>
      </object_component>
      <object_component id="oc-f0">
         <name>.debug_frame</name>
         <load_address>0x330</load_address>
         <run_address>0x330</run_address>
         <size>0x6c</size>
         <input_file_ref idref="fl-5"/>
      </object_component>
      <object_component id="oc-15b">
         <name>.debug_frame</name>
         <load_address>0x39c</load_address>
         <run_address>0x39c</run_address>
         <size>0x60</size>
         <input_file_ref idref="fl-5"/>
      </object_component>
      <object_component id="oc-13f">
         <name>.debug_frame</name>
         <load_address>0x3fc</load_address>
         <run_address>0x3fc</run_address>
         <size>0x54</size>
         <input_file_ref idref="fl-d"/>
      </object_component>
      <object_component id="oc-145">
         <name>.debug_frame</name>
         <load_address>0x450</load_address>
         <run_address>0x450</run_address>
         <size>0x5c</size>
         <input_file_ref idref="fl-d"/>
      </object_component>
      <object_component id="oc-e4">
         <name>.debug_frame</name>
         <load_address>0x4ac</load_address>
         <run_address>0x4ac</run_address>
         <size>0x6c</size>
         <input_file_ref idref="fl-d"/>
      </object_component>
      <object_component id="oc-5b">
         <name>.debug_frame</name>
         <load_address>0x518</load_address>
         <run_address>0x518</run_address>
         <size>0x54</size>
         <input_file_ref idref="fl-c5"/>
      </object_component>
      <object_component id="oc-20">
         <name>.debug_frame</name>
         <load_address>0x56c</load_address>
         <run_address>0x56c</run_address>
         <size>0x54</size>
         <input_file_ref idref="fl-c6"/>
      </object_component>
      <object_component id="oc-1b">
         <name>.debug_frame</name>
         <load_address>0x5c0</load_address>
         <run_address>0x5c0</run_address>
         <size>0x60</size>
         <input_file_ref idref="fl-c7"/>
      </object_component>
      <object_component id="oc-71">
         <name>.debug_frame</name>
         <load_address>0x620</load_address>
         <run_address>0x620</run_address>
         <size>0x50</size>
         <input_file_ref idref="fl-c8"/>
      </object_component>
      <object_component id="oc-108">
         <name>.debug_frame</name>
         <load_address>0x670</load_address>
         <run_address>0x670</run_address>
         <size>0x5c</size>
         <input_file_ref idref="fl-cc"/>
      </object_component>
      <object_component id="oc-ac">
         <name>.debug_frame</name>
         <load_address>0x6cc</load_address>
         <run_address>0x6cc</run_address>
         <size>0x54</size>
         <input_file_ref idref="fl-cd"/>
      </object_component>
      <object_component id="oc-fd">
         <name>.debug_frame</name>
         <load_address>0x720</load_address>
         <run_address>0x720</run_address>
         <size>0x54</size>
         <input_file_ref idref="fl-cf"/>
      </object_component>
      <object_component id="oc-138">
         <name>.debug_abbrev</name>
         <load_address>0x0</load_address>
         <run_address>0x0</run_address>
         <size>0x8e</size>
         <input_file_ref idref="fl-2"/>
      </object_component>
      <object_component id="oc-16a">
         <name>.debug_abbrev</name>
         <load_address>0x8e</load_address>
         <run_address>0x8e</run_address>
         <size>0x7b</size>
         <input_file_ref idref="fl-2"/>
      </object_component>
      <object_component id="oc-15c">
         <name>.debug_abbrev</name>
         <load_address>0x109</load_address>
         <run_address>0x109</run_address>
         <size>0x6d</size>
         <input_file_ref idref="fl-2"/>
      </object_component>
      <object_component id="oc-f9">
         <name>.debug_abbrev</name>
         <load_address>0x176</load_address>
         <run_address>0x176</run_address>
         <size>0x71</size>
         <input_file_ref idref="fl-2"/>
      </object_component>
      <object_component id="oc-88">
         <name>.debug_abbrev</name>
         <load_address>0x1e7</load_address>
         <run_address>0x1e7</run_address>
         <size>0x69</size>
         <input_file_ref idref="fl-2"/>
      </object_component>
      <object_component id="oc-ca">
         <name>.debug_abbrev</name>
         <load_address>0x250</load_address>
         <run_address>0x250</run_address>
         <size>0x1f</size>
         <input_file_ref idref="fl-2"/>
      </object_component>
      <object_component id="oc-c5">
         <name>.debug_abbrev</name>
         <load_address>0x26f</load_address>
         <run_address>0x26f</run_address>
         <size>0x5c</size>
         <input_file_ref idref="fl-2"/>
      </object_component>
      <object_component id="oc-8d">
         <name>.debug_abbrev</name>
         <load_address>0x2cb</load_address>
         <run_address>0x2cb</run_address>
         <size>0x24</size>
         <input_file_ref idref="fl-2"/>
      </object_component>
      <object_component id="oc-167">
         <name>.debug_abbrev</name>
         <load_address>0x2ef</load_address>
         <run_address>0x2ef</run_address>
         <size>0x24</size>
         <input_file_ref idref="fl-2"/>
      </object_component>
      <object_component id="oc-84">
         <name>.debug_abbrev</name>
         <load_address>0x313</load_address>
         <run_address>0x313</run_address>
         <size>0x68</size>
         <input_file_ref idref="fl-3"/>
      </object_component>
      <object_component id="oc-40">
         <name>.debug_abbrev</name>
         <load_address>0x37b</load_address>
         <run_address>0x37b</run_address>
         <size>0x29</size>
         <input_file_ref idref="fl-3"/>
      </object_component>
      <object_component id="oc-80">
         <name>.debug_abbrev</name>
         <load_address>0x3a4</load_address>
         <run_address>0x3a4</run_address>
         <size>0x50</size>
         <input_file_ref idref="fl-3"/>
      </object_component>
      <object_component id="oc-81">
         <name>.debug_abbrev</name>
         <load_address>0x3f4</load_address>
         <run_address>0x3f4</run_address>
         <size>0x40</size>
         <input_file_ref idref="fl-3"/>
      </object_component>
      <object_component id="oc-83">
         <name>.debug_abbrev</name>
         <load_address>0x434</load_address>
         <run_address>0x434</run_address>
         <size>0x40</size>
         <input_file_ref idref="fl-3"/>
      </object_component>
      <object_component id="oc-82">
         <name>.debug_abbrev</name>
         <load_address>0x474</load_address>
         <run_address>0x474</run_address>
         <size>0x40</size>
         <input_file_ref idref="fl-3"/>
      </object_component>
      <object_component id="oc-4b">
         <name>.debug_abbrev</name>
         <load_address>0x4b4</load_address>
         <run_address>0x4b4</run_address>
         <size>0x1f</size>
         <input_file_ref idref="fl-3"/>
      </object_component>
      <object_component id="oc-1c4">
         <name>.debug_abbrev</name>
         <load_address>0x4d3</load_address>
         <run_address>0x4d3</run_address>
         <size>0x5f</size>
         <input_file_ref idref="fl-5"/>
      </object_component>
      <object_component id="oc-1ee">
         <name>.debug_abbrev</name>
         <load_address>0x532</load_address>
         <run_address>0x532</run_address>
         <size>0x27</size>
         <input_file_ref idref="fl-5"/>
      </object_component>
      <object_component id="oc-1ec">
         <name>.debug_abbrev</name>
         <load_address>0x559</load_address>
         <run_address>0x559</run_address>
         <size>0x27</size>
         <input_file_ref idref="fl-5"/>
      </object_component>
      <object_component id="oc-1ea">
         <name>.debug_abbrev</name>
         <load_address>0x580</load_address>
         <run_address>0x580</run_address>
         <size>0x27</size>
         <input_file_ref idref="fl-5"/>
      </object_component>
      <object_component id="oc-1f2">
         <name>.debug_abbrev</name>
         <load_address>0x5a7</load_address>
         <run_address>0x5a7</run_address>
         <size>0x7d</size>
         <input_file_ref idref="fl-5"/>
      </object_component>
      <object_component id="oc-1c3">
         <name>.debug_abbrev</name>
         <load_address>0x624</load_address>
         <run_address>0x624</run_address>
         <size>0x7a</size>
         <input_file_ref idref="fl-5"/>
      </object_component>
      <object_component id="oc-163">
         <name>.debug_abbrev</name>
         <load_address>0x69e</load_address>
         <run_address>0x69e</run_address>
         <size>0x7f</size>
         <input_file_ref idref="fl-5"/>
      </object_component>
      <object_component id="oc-1f0">
         <name>.debug_abbrev</name>
         <load_address>0x71d</load_address>
         <run_address>0x71d</run_address>
         <size>0x8b</size>
         <input_file_ref idref="fl-5"/>
      </object_component>
      <object_component id="oc-1b7">
         <name>.debug_abbrev</name>
         <load_address>0x7a8</load_address>
         <run_address>0x7a8</run_address>
         <size>0x7b</size>
         <input_file_ref idref="fl-5"/>
      </object_component>
      <object_component id="oc-208">
         <name>.debug_abbrev</name>
         <load_address>0x823</load_address>
         <run_address>0x823</run_address>
         <size>0x7d</size>
         <input_file_ref idref="fl-b"/>
      </object_component>
      <object_component id="oc-1a8">
         <name>.debug_abbrev</name>
         <load_address>0x8a0</load_address>
         <run_address>0x8a0</run_address>
         <size>0x69</size>
         <input_file_ref idref="fl-b"/>
      </object_component>
      <object_component id="oc-19d">
         <name>.debug_abbrev</name>
         <load_address>0x909</load_address>
         <run_address>0x909</run_address>
         <size>0x5c</size>
         <input_file_ref idref="fl-b"/>
      </object_component>
      <object_component id="oc-192">
         <name>.debug_abbrev</name>
         <load_address>0x965</load_address>
         <run_address>0x965</run_address>
         <size>0x24</size>
         <input_file_ref idref="fl-b"/>
      </object_component>
      <object_component id="oc-152">
         <name>.debug_abbrev</name>
         <load_address>0x989</load_address>
         <run_address>0x989</run_address>
         <size>0x24</size>
         <input_file_ref idref="fl-b"/>
      </object_component>
      <object_component id="oc-1a0">
         <name>.debug_abbrev</name>
         <load_address>0x9ad</load_address>
         <run_address>0x9ad</run_address>
         <size>0xbb</size>
         <input_file_ref idref="fl-d"/>
      </object_component>
      <object_component id="oc-195">
         <name>.debug_abbrev</name>
         <load_address>0xa68</load_address>
         <run_address>0xa68</run_address>
         <size>0x27</size>
         <input_file_ref idref="fl-d"/>
      </object_component>
      <object_component id="oc-197">
         <name>.debug_abbrev</name>
         <load_address>0xa8f</load_address>
         <run_address>0xa8f</run_address>
         <size>0x27</size>
         <input_file_ref idref="fl-d"/>
      </object_component>
      <object_component id="oc-1e7">
         <name>.debug_abbrev</name>
         <load_address>0xab6</load_address>
         <run_address>0xab6</run_address>
         <size>0x27</size>
         <input_file_ref idref="fl-d"/>
      </object_component>
      <object_component id="oc-199">
         <name>.debug_abbrev</name>
         <load_address>0xadd</load_address>
         <run_address>0xadd</run_address>
         <size>0x27</size>
         <input_file_ref idref="fl-d"/>
      </object_component>
      <object_component id="oc-18e">
         <name>.debug_abbrev</name>
         <load_address>0xb04</load_address>
         <run_address>0xb04</run_address>
         <size>0x6c</size>
         <input_file_ref idref="fl-d"/>
      </object_component>
      <object_component id="oc-18f">
         <name>.debug_abbrev</name>
         <load_address>0xb70</load_address>
         <run_address>0xb70</run_address>
         <size>0x6c</size>
         <input_file_ref idref="fl-d"/>
      </object_component>
      <object_component id="oc-14f">
         <name>.debug_abbrev</name>
         <load_address>0xbdc</load_address>
         <run_address>0xbdc</run_address>
         <size>0x7c</size>
         <input_file_ref idref="fl-d"/>
      </object_component>
      <object_component id="oc-1a3">
         <name>.debug_abbrev</name>
         <load_address>0xc58</load_address>
         <run_address>0xc58</run_address>
         <size>0x38</size>
         <input_file_ref idref="fl-d"/>
      </object_component>
      <object_component id="oc-1f8">
         <name>.debug_abbrev</name>
         <load_address>0xc90</load_address>
         <run_address>0xc90</run_address>
         <size>0x4a</size>
         <input_file_ref idref="fl-c4"/>
      </object_component>
      <object_component id="oc-db">
         <name>.debug_abbrev</name>
         <load_address>0xcda</load_address>
         <run_address>0xcda</run_address>
         <size>0x5d</size>
         <input_file_ref idref="fl-c5"/>
      </object_component>
      <object_component id="oc-9e">
         <name>.debug_abbrev</name>
         <load_address>0xd37</load_address>
         <run_address>0xd37</run_address>
         <size>0x6f</size>
         <input_file_ref idref="fl-c5"/>
      </object_component>
      <object_component id="oc-a1">
         <name>.debug_abbrev</name>
         <load_address>0xda6</load_address>
         <run_address>0xda6</run_address>
         <size>0x24</size>
         <input_file_ref idref="fl-c5"/>
      </object_component>
      <object_component id="oc-d8">
         <name>.debug_abbrev</name>
         <load_address>0xdca</load_address>
         <run_address>0xdca</run_address>
         <size>0x24</size>
         <input_file_ref idref="fl-c5"/>
      </object_component>
      <object_component id="oc-9c">
         <name>.debug_abbrev</name>
         <load_address>0xdee</load_address>
         <run_address>0xdee</run_address>
         <size>0x37</size>
         <input_file_ref idref="fl-c6"/>
      </object_component>
      <object_component id="oc-53">
         <name>.debug_abbrev</name>
         <load_address>0xe25</load_address>
         <run_address>0xe25</run_address>
         <size>0x74</size>
         <input_file_ref idref="fl-c6"/>
      </object_component>
      <object_component id="oc-56">
         <name>.debug_abbrev</name>
         <load_address>0xe99</load_address>
         <run_address>0xe99</run_address>
         <size>0x24</size>
         <input_file_ref idref="fl-c6"/>
      </object_component>
      <object_component id="oc-99">
         <name>.debug_abbrev</name>
         <load_address>0xebd</load_address>
         <run_address>0xebd</run_address>
         <size>0x24</size>
         <input_file_ref idref="fl-c6"/>
      </object_component>
      <object_component id="oc-d4">
         <name>.debug_abbrev</name>
         <load_address>0xee1</load_address>
         <run_address>0xee1</run_address>
         <size>0x37</size>
         <input_file_ref idref="fl-c7"/>
      </object_component>
      <object_component id="oc-43">
         <name>.debug_abbrev</name>
         <load_address>0xf18</load_address>
         <run_address>0xf18</run_address>
         <size>0x6f</size>
         <input_file_ref idref="fl-c7"/>
      </object_component>
      <object_component id="oc-46">
         <name>.debug_abbrev</name>
         <load_address>0xf87</load_address>
         <run_address>0xf87</run_address>
         <size>0x24</size>
         <input_file_ref idref="fl-c7"/>
      </object_component>
      <object_component id="oc-d1">
         <name>.debug_abbrev</name>
         <load_address>0xfab</load_address>
         <run_address>0xfab</run_address>
         <size>0x35</size>
         <input_file_ref idref="fl-c7"/>
      </object_component>
      <object_component id="oc-92">
         <name>.debug_abbrev</name>
         <load_address>0xfe0</load_address>
         <run_address>0xfe0</run_address>
         <size>0x24</size>
         <input_file_ref idref="fl-c7"/>
      </object_component>
      <object_component id="oc-7e">
         <name>.debug_abbrev</name>
         <load_address>0x1004</load_address>
         <run_address>0x1004</run_address>
         <size>0x29</size>
         <input_file_ref idref="fl-c8"/>
      </object_component>
      <object_component id="oc-ba">
         <name>.debug_abbrev</name>
         <load_address>0x102d</load_address>
         <run_address>0x102d</run_address>
         <size>0x55</size>
         <input_file_ref idref="fl-c8"/>
      </object_component>
      <object_component id="oc-20a">
         <name>.debug_abbrev</name>
         <load_address>0x1082</load_address>
         <run_address>0x1082</run_address>
         <size>0x38</size>
         <input_file_ref idref="fl-c9"/>
      </object_component>
      <object_component id="oc-96">
         <name>.debug_abbrev</name>
         <load_address>0x10ba</load_address>
         <run_address>0x10ba</run_address>
         <size>0x3e</size>
         <input_file_ref idref="fl-ca"/>
      </object_component>
      <object_component id="oc-1d4">
         <name>.debug_abbrev</name>
         <load_address>0x10f8</load_address>
         <run_address>0x10f8</run_address>
         <size>0xc0</size>
         <input_file_ref idref="fl-cc"/>
      </object_component>
      <object_component id="oc-175">
         <name>.debug_abbrev</name>
         <load_address>0x11b8</load_address>
         <run_address>0x11b8</run_address>
         <size>0x7e</size>
         <input_file_ref idref="fl-cc"/>
      </object_component>
      <object_component id="oc-1d8">
         <name>.debug_abbrev</name>
         <load_address>0x1236</load_address>
         <run_address>0x1236</run_address>
         <size>0x24</size>
         <input_file_ref idref="fl-cc"/>
      </object_component>
      <object_component id="oc-1fe">
         <name>.debug_abbrev</name>
         <load_address>0x125a</load_address>
         <run_address>0x125a</run_address>
         <size>0x24</size>
         <input_file_ref idref="fl-cc"/>
      </object_component>
      <object_component id="oc-1dd">
         <name>.debug_abbrev</name>
         <load_address>0x127e</load_address>
         <run_address>0x127e</run_address>
         <size>0x24</size>
         <input_file_ref idref="fl-cc"/>
      </object_component>
      <object_component id="oc-1e2">
         <name>.debug_abbrev</name>
         <load_address>0x12a2</load_address>
         <run_address>0x12a2</run_address>
         <size>0x4b</size>
         <input_file_ref idref="fl-cc"/>
      </object_component>
      <object_component id="oc-de">
         <name>.debug_abbrev</name>
         <load_address>0x12ed</load_address>
         <run_address>0x12ed</run_address>
         <size>0x55</size>
         <input_file_ref idref="fl-cd"/>
      </object_component>
      <object_component id="oc-16b">
         <name>.debug_abbrev</name>
         <load_address>0x1342</load_address>
         <run_address>0x1342</run_address>
         <size>0x45</size>
         <input_file_ref idref="fl-cf"/>
      </object_component>
      <object_component id="oc-23f">
         <name>.debug_abbrev</name>
         <load_address>0x1387</load_address>
         <run_address>0x1387</run_address>
         <size>0xf</size>
      </object_component>
      <object_component id="oc-8a">
         <name>.debug_str</name>
         <load_address>0x0</load_address>
         <run_address>0x0</run_address>
         <size>0x29e</size>
         <input_file_ref idref="fl-2"/>
      </object_component>
      <object_component id="oc-cc">
         <name>.debug_str</name>
         <load_address>0x29e</load_address>
         <run_address>0x29e</run_address>
         <size>0xfd</size>
         <input_file_ref idref="fl-2"/>
      </object_component>
      <object_component id="oc-c7">
         <name>.debug_str</name>
         <load_address>0x39b</load_address>
         <run_address>0x39b</run_address>
         <size>0x334</size>
         <input_file_ref idref="fl-2"/>
      </object_component>
      <object_component id="oc-8f">
         <name>.debug_str</name>
         <load_address>0x6cf</load_address>
         <run_address>0x6cf</run_address>
         <size>0x136</size>
         <input_file_ref idref="fl-2"/>
      </object_component>
      <object_component id="oc-169">
         <name>.debug_str</name>
         <load_address>0x805</load_address>
         <run_address>0x805</run_address>
         <size>0xd1</size>
         <input_file_ref idref="fl-2"/>
      </object_component>
      <object_component id="oc-4d">
         <name>.debug_str</name>
         <load_address>0x8d6</load_address>
         <run_address>0x8d6</run_address>
         <size>0xfd</size>
         <input_file_ref idref="fl-3"/>
      </object_component>
      <object_component id="oc-1aa">
         <name>.debug_str</name>
         <load_address>0x9d3</load_address>
         <run_address>0x9d3</run_address>
         <size>0x2df</size>
         <input_file_ref idref="fl-b"/>
      </object_component>
      <object_component id="oc-19f">
         <name>.debug_str</name>
         <load_address>0xcb2</load_address>
         <run_address>0xcb2</run_address>
         <size>0x36e</size>
         <input_file_ref idref="fl-b"/>
      </object_component>
      <object_component id="oc-194">
         <name>.debug_str</name>
         <load_address>0x1020</load_address>
         <run_address>0x1020</run_address>
         <size>0x1ea</size>
         <input_file_ref idref="fl-b"/>
      </object_component>
      <object_component id="oc-154">
         <name>.debug_str</name>
         <load_address>0x120a</load_address>
         <run_address>0x120a</run_address>
         <size>0x177</size>
         <input_file_ref idref="fl-b"/>
      </object_component>
      <object_component id="oc-1a5">
         <name>.debug_str</name>
         <load_address>0x1381</load_address>
         <run_address>0x1381</run_address>
         <size>0x138</size>
         <input_file_ref idref="fl-d"/>
      </object_component>
      <object_component id="oc-a3">
         <name>.debug_str</name>
         <load_address>0x14b9</load_address>
         <run_address>0x14b9</run_address>
         <size>0x105</size>
         <input_file_ref idref="fl-c5"/>
      </object_component>
      <object_component id="oc-da">
         <name>.debug_str</name>
         <load_address>0x15be</load_address>
         <run_address>0x15be</run_address>
         <size>0x140</size>
         <input_file_ref idref="fl-c5"/>
      </object_component>
      <object_component id="oc-58">
         <name>.debug_str</name>
         <load_address>0x16fe</load_address>
         <run_address>0x16fe</run_address>
         <size>0x10b</size>
         <input_file_ref idref="fl-c6"/>
      </object_component>
      <object_component id="oc-9b">
         <name>.debug_str</name>
         <load_address>0x1809</load_address>
         <run_address>0x1809</run_address>
         <size>0x140</size>
         <input_file_ref idref="fl-c6"/>
      </object_component>
      <object_component id="oc-48">
         <name>.debug_str</name>
         <load_address>0x1949</load_address>
         <run_address>0x1949</run_address>
         <size>0x118</size>
         <input_file_ref idref="fl-c7"/>
      </object_component>
      <object_component id="oc-d3">
         <name>.debug_str</name>
         <load_address>0x1a61</load_address>
         <run_address>0x1a61</run_address>
         <size>0x16b</size>
         <input_file_ref idref="fl-c7"/>
      </object_component>
      <object_component id="oc-94">
         <name>.debug_str</name>
         <load_address>0x1bcc</load_address>
         <run_address>0x1bcc</run_address>
         <size>0x158</size>
         <input_file_ref idref="fl-c7"/>
      </object_component>
      <object_component id="oc-1da">
         <name>.debug_str</name>
         <load_address>0x1d24</load_address>
         <run_address>0x1d24</run_address>
         <size>0xed</size>
         <input_file_ref idref="fl-cc"/>
      </object_component>
      <object_component id="oc-200">
         <name>.debug_str</name>
         <load_address>0x1e11</load_address>
         <run_address>0x1e11</run_address>
         <size>0x157</size>
         <input_file_ref idref="fl-cc"/>
      </object_component>
      <object_component id="oc-1df">
         <name>.debug_str</name>
         <load_address>0x1f68</load_address>
         <run_address>0x1f68</run_address>
         <size>0x150</size>
         <input_file_ref idref="fl-cc"/>
      </object_component>
      <object_component id="oc-1e4">
         <name>.debug_str</name>
         <load_address>0x20b8</load_address>
         <run_address>0x20b8</run_address>
         <size>0x197</size>
         <input_file_ref idref="fl-cc"/>
      </object_component>
      <object_component id="oc-f6">
         <name>.debug_aranges</name>
         <load_address>0x0</load_address>
         <run_address>0x0</run_address>
         <size>0x20</size>
         <input_file_ref idref="fl-2"/>
      </object_component>
      <object_component id="oc-e8">
         <name>.debug_aranges</name>
         <load_address>0x20</load_address>
         <run_address>0x20</run_address>
         <size>0x20</size>
         <input_file_ref idref="fl-2"/>
      </object_component>
      <object_component id="oc-b4">
         <name>.debug_aranges</name>
         <load_address>0x40</load_address>
         <run_address>0x40</run_address>
         <size>0x20</size>
         <input_file_ref idref="fl-2"/>
      </object_component>
      <object_component id="oc-2a">
         <name>.debug_aranges</name>
         <load_address>0x60</load_address>
         <run_address>0x60</run_address>
         <size>0x20</size>
         <input_file_ref idref="fl-3"/>
      </object_component>
      <object_component id="oc-31">
         <name>.debug_aranges</name>
         <load_address>0x80</load_address>
         <run_address>0x80</run_address>
         <size>0x20</size>
         <input_file_ref idref="fl-3"/>
      </object_component>
      <object_component id="oc-3c">
         <name>.debug_aranges</name>
         <load_address>0xa0</load_address>
         <run_address>0xa0</run_address>
         <size>0x20</size>
         <input_file_ref idref="fl-3"/>
      </object_component>
      <object_component id="oc-38">
         <name>.debug_aranges</name>
         <load_address>0xc0</load_address>
         <run_address>0xc0</run_address>
         <size>0x20</size>
         <input_file_ref idref="fl-3"/>
      </object_component>
      <object_component id="oc-1ba">
         <name>.debug_aranges</name>
         <load_address>0xe0</load_address>
         <run_address>0xe0</run_address>
         <size>0x20</size>
         <input_file_ref idref="fl-5"/>
      </object_component>
      <object_component id="oc-15f">
         <name>.debug_aranges</name>
         <load_address>0x100</load_address>
         <run_address>0x100</run_address>
         <size>0x20</size>
         <input_file_ref idref="fl-5"/>
      </object_component>
      <object_component id="oc-ee">
         <name>.debug_aranges</name>
         <load_address>0x120</load_address>
         <run_address>0x120</run_address>
         <size>0x20</size>
         <input_file_ref idref="fl-5"/>
      </object_component>
      <object_component id="oc-1b6">
         <name>.debug_aranges</name>
         <load_address>0x140</load_address>
         <run_address>0x140</run_address>
         <size>0x20</size>
         <input_file_ref idref="fl-5"/>
      </object_component>
      <object_component id="oc-159">
         <name>.debug_aranges</name>
         <load_address>0x160</load_address>
         <run_address>0x160</run_address>
         <size>0x20</size>
         <input_file_ref idref="fl-5"/>
      </object_component>
      <object_component id="oc-13d">
         <name>.debug_aranges</name>
         <load_address>0x180</load_address>
         <run_address>0x180</run_address>
         <size>0x20</size>
         <input_file_ref idref="fl-d"/>
      </object_component>
      <object_component id="oc-143">
         <name>.debug_aranges</name>
         <load_address>0x1a0</load_address>
         <run_address>0x1a0</run_address>
         <size>0x20</size>
         <input_file_ref idref="fl-d"/>
      </object_component>
      <object_component id="oc-e2">
         <name>.debug_aranges</name>
         <load_address>0x1c0</load_address>
         <run_address>0x1c0</run_address>
         <size>0x20</size>
         <input_file_ref idref="fl-d"/>
      </object_component>
[...]
            <object_component_ref idref="oc-18e"/>
            <object_component_ref idref="oc-18f"/>
            <object_component_ref idref="oc-14f"/>
            <object_component_ref idref="oc-1a3"/>
            <object_component_ref idref="oc-1f8"/>
            <object_component_ref idref="oc-db"/>
            <object_component_ref idref="oc-9e"/>
            <object_component_ref idref="oc-a1"/>
            <object_component_ref idref="oc-d8"/>
            <object_component_ref idref="oc-9c"/>
            <object_component_ref idref="oc-53"/>
            <object_component_ref idref="oc-56"/>
            <object_component_ref idref="oc-99"/>
            <object_component_ref idref="oc-d4"/>
            <object_component_ref idref="oc-43"/>
            <object_component_ref idref="oc-46"/>
            <object_component_ref idref="oc-d1"/>
            <object_component_ref idref="oc-92"/>
            <object_component_ref idref="oc-7e"/>
            <object_component_ref idref="oc-ba"/>
            <object_component_ref idref="oc-20a"/>
            <object_component_ref idref="oc-96"/>
            <object_component_ref idref="oc-1d4"/>
            <object_component_ref idref="oc-175"/>
            <object_component_ref idref="oc-1d8"/>
            <object_component_ref idref="oc-1fe"/>
            <object_component_ref idref="oc-1dd"/>
            <object_component_ref idref="oc-1e2"/>
            <object_component_ref idref="oc-de"/>
            <object_component_ref idref="oc-16b"/>
            <object_component_ref idref="oc-23f"/>
         </contents>
      </logical_group>
      <logical_group id="lg-226" display="never" color="cyan">
         <name>.debug_str</name>
         <load_address>0x0</load_address>
         <run_address>0x0</run_address>
         <size>0x224f</size>
         <contents>
            <object_component_ref idref="oc-8a"/>
            <object_component_ref idref="oc-cc"/>
            <object_component_ref idref="oc-c7"/>
            <object_component_ref idref="oc-8f"/>
            <object_component_ref idref="oc-169"/>
            <object_component_ref idref="oc-4d"/>
            <object_component_ref idref="oc-1aa"/>
            <object_component_ref idref="oc-19f"/>
            <object_component_ref idref="oc-194"/>
            <object_component_ref idref="oc-154"/>
            <object_component_ref idref="oc-1a5"/>
            <object_component_ref idref="oc-a3"/>
            <object_component_ref idref="oc-da"/>
            <object_component_ref idref="oc-58"/>
            <object_component_ref idref="oc-9b"/>
            <object_component_ref idref="oc-48"/>
            <object_component_ref idref="oc-d3"/>
            <object_component_ref idref="oc-94"/>
            <object_component_ref idref="oc-1da"/>
            <object_component_ref idref="oc-200"/>
            <object_component_ref idref="oc-1df"/>
            <object_component_ref idref="oc-1e4"/>
         </contents>
      </logical_group>
      <logical_group id="lg-228" display="never" color="cyan">
         <name>.debug_aranges</name>
         <load_address>0x0</load_address>
         <run_address>0x0</run_address>
         <size>0x320</size>
         <contents>
            <object_component_ref idref="oc-f6"/>
            <object_component_ref idref="oc-e8"/>
            <object_component_ref idref="oc-b4"/>
            <object_component_ref idref="oc-2a"/>
            <object_component_ref idref="oc-31"/>
            <object_component_ref idref="oc-3c"/>
            <object_component_ref idref="oc-38"/>
            <object_component_ref idref="oc-1ba"/>
            <object_component_ref idref="oc-15f"/>
            <object_component_ref idref="oc-ee"/>
            <object_component_ref idref="oc-1b6"/>
            <object_component_ref idref="oc-159"/>
            <object_component_ref idref="oc-13d"/>
            <object_component_ref idref="oc-143"/>
            <object_component_ref idref="oc-e2"/>
            <object_component_ref idref="oc-1c0"/>
            <object_component_ref idref="oc-5c"/>
            <object_component_ref idref="oc-1f"/>
            <object_component_ref idref="oc-19"/>
            <object_component_ref idref="oc-6f"/>
            <object_component_ref idref="oc-1f6"/>
            <object_component_ref idref="oc-4f"/>
            <object_component_ref idref="oc-10b"/>
            <object_component_ref idref="oc-ae"/>
            <object_component_ref idref="oc-fc"/>
         </contents>
      </logical_group>
      <logical_group id="lg-22a" display="never" color="cyan">
         <name>.debug_pubnames</name>
         <load_address>0x0</load_address>
         <run_address>0x0</run_address>
         <size>0x521</size>
         <contents>
            <object_component_ref idref="oc-ce"/>
            <object_component_ref idref="oc-f5"/>
            <object_component_ref idref="oc-e7"/>
            <object_component_ref idref="oc-b5"/>
            <object_component_ref idref="oc-15"/>
            <object_component_ref idref="oc-2b"/>
            <object_component_ref idref="oc-33"/>
            <object_component_ref idref="oc-3d"/>
            <object_component_ref idref="oc-39"/>
            <object_component_ref idref="oc-1b3"/>
            <object_component_ref idref="oc-1b0"/>
            <object_component_ref idref="oc-1ad"/>
            <object_component_ref idref="oc-1bb"/>
            <object_component_ref idref="oc-160"/>
            <object_component_ref idref="oc-ed"/>
            <object_component_ref idref="oc-1b5"/>
            <object_component_ref idref="oc-15a"/>
            <object_component_ref idref="oc-148"/>
            <object_component_ref idref="oc-14b"/>
            <object_component_ref idref="oc-18d"/>
            <object_component_ref idref="oc-14e"/>
            <object_component_ref idref="oc-13e"/>
            <object_component_ref idref="oc-144"/>
            <object_component_ref idref="oc-e3"/>
            <object_component_ref idref="oc-1c2"/>
            <object_component_ref idref="oc-5f"/>
            <object_component_ref idref="oc-1e"/>
            <object_component_ref idref="oc-1a"/>
            <object_component_ref idref="oc-27"/>
            <object_component_ref idref="oc-6e"/>
            <object_component_ref idref="oc-1f5"/>
            <object_component_ref idref="oc-52"/>
            <object_component_ref idref="oc-10a"/>
            <object_component_ref idref="oc-af"/>
            <object_component_ref idref="oc-ff"/>
         </contents>
      </logical_group>
      <logical_group id="lg-22c" display="never" color="cyan">
         <name>.debug_pubtypes</name>
         <load_address>0x0</load_address>
         <run_address>0x0</run_address>
         <size>0x121b</size>
         <contents>
            <object_component_ref idref="oc-87"/>
            <object_component_ref idref="oc-c9"/>
            <object_component_ref idref="oc-c4"/>
            <object_component_ref idref="oc-8c"/>
            <object_component_ref idref="oc-166"/>
            <object_component_ref idref="oc-4a"/>
            <object_component_ref idref="oc-1a7"/>
            <object_component_ref idref="oc-19c"/>
            <object_component_ref idref="oc-191"/>
            <object_component_ref idref="oc-151"/>
            <object_component_ref idref="oc-a0"/>
            <object_component_ref idref="oc-d7"/>
            <object_component_ref idref="oc-55"/>
            <object_component_ref idref="oc-98"/>
            <object_component_ref idref="oc-45"/>
            <object_component_ref idref="oc-d0"/>
            <object_component_ref idref="oc-91"/>
            <object_component_ref idref="oc-1d7"/>
            <object_component_ref idref="oc-1fd"/>
            <object_component_ref idref="oc-1dc"/>
            <object_component_ref idref="oc-1e1"/>
         </contents>
      </logical_group>
      <logical_group id="lg-22e" display="no" color="cyan">
         <name>.binit</name>
         <load_address>0x0</load_address>
         <run_address>0x0</run_address>
         <size>0x0</size>
         <contents>
            <object_component_ref idref="oc-20e"/>
         </contents>
      </logical_group>
      <logical_group id="lg-23c" display="no" color="cyan">
         <name>Veneer$$CMSE</name>
         <run_address>0x0</run_address>
         <size>0x0</size>
         <contents>
         </contents>
      </logical_group>
      <load_segment id="lg-242" display="no" color="cyan">
         <name>SEGMENT_0</name>
         <load_address>0x0</load_address>
         <run_address>0x0</run_address>
         <size>0xe68</size>
         <flags>0x5</flags>
         <contents>
            <logical_group_ref idref="lg-3"/>
            <logical_group_ref idref="lg-4"/>
            <logical_group_ref idref="lg-5"/>
            <logical_group_ref idref="lg-6"/>
         </contents>
      </load_segment>
      <load_segment id="lg-243" display="no" color="cyan">
         <name>SEGMENT_1</name>
         <run_address>0x20000000</run_address>
         <size>0x20d</size>
         <flags>0x6</flags>
         <contents>
            <logical_group_ref idref="lg-d"/>
            <logical_group_ref idref="lg-b"/>
            <logical_group_ref idref="lg-a"/>
         </contents>
      </load_segment>
   </logical_group_list>
   <placement_map>
      <memory_area display="yes" color="green">
         <name>FLASH</name>
         <page_id>0x0</page_id>
         <origin>0x0</origin>
         <length>0x100000</length>
         <used_space>0xe64</used_space>
         <unused_space>0xff19c</unused_space>
         <attributes>RX</attributes>
         <usage_details>
            <allocated_space>
               <start_address>0x0</start_address>
               <size>0x0</size>
               <logical_group_ref idref="lg-22e"/>
            </allocated_space>
            <allocated_space>
               <start_address>0x0</start_address>
               <size>0x200</size>
               <logical_group_ref idref="lg-3"/>
            </allocated_space>
            <allocated_space>
               <start_address>0x200</start_address>
               <size>0x9c8</size>
               <logical_group_ref idref="lg-4"/>
            </allocated_space>
            <allocated_space>
               <start_address>0xbc8</start_address>
               <size>0x26c</size>
               <logical_group_ref idref="lg-5"/>
            </allocated_space>
            <available_space>
               <start_address>0xe34</start_address>
               <size>0x4</size>
            </available_space>
            <allocated_space>
               <start_address>0xe38</start_address>
               <size>0x30</size>
               <logical_group_ref idref="lg-6"/>
            </allocated_space>
            <available_space>
               <start_address>0xe68</start_address>
               <size>0xff198</size>
            </available_space>
         </usage_details>
      </memory_area>
      <memory_area display="yes" color="green">
         <name>SRAM</name>
         <page_id>0x0</page_id>
         <origin>0x20000000</origin>
         <length>0x40000</length>
         <used_space>0x20d</used_space>
         <unused_space>0x3fdf3</unused_space>
         <attributes>RWX</attributes>
         <usage_details>
            <allocated_space>
               <start_address>0x20000000</start_address>
               <size>0x0</size>
               <logical_group_ref idref="lg-20d"/>
            </allocated_space>
            <allocated_space>
               <start_address>0x20000000</start_address>
               <size>0x200</size>
               <logical_group_ref idref="lg-d"/>
            </allocated_space>
            <allocated_space>
               <start_address>0x20000200</start_address>
               <size>0x8</size>
               <logical_group_ref idref="lg-b"/>
            </allocated_space>
            <allocated_space>
               <start_address>0x20000208</start_address>
               <size>0x5</size>
               <logical_group_ref idref="lg-a"/>
            </allocated_space>
            <available_space>
               <start_address>0x2000020d</start_address>
               <size>0x3fdf3</size>
            </available_space>
         </usage_details>
      </memory_area>
   </placement_map>
   <cptbl_list>
      <cptbl>
         <name>__TI_cinit_table</name>
         <cprec>
            <name>.bss</name>
            <load_address>0xe48</load_address>
            <load_size>0x8</load_size>
            <run_address>0x20000200</run_address>
            <run_size>0x8</run_size>
            <compression>zero_init</compression>
         </cprec>
         <cprec>
            <name>.data</name>
            <load_address>0xe50</load_address>
            <load_size>0x7</load_size>
            <run_address>0x20000208</run_address>
            <run_size>0x5</run_size>
            <compression>lzss</compression>
         </cprec>
      </cptbl>
   </cptbl_list>
   <handler_table>
      <handler_table_name>__TI_handler_table</handler_table_name>
      <handler>
         <index>0x0</index>
         <name>__TI_decompress_lzss</name>
      </handler>
      <handler>
         <index>0x1</index>
         <name>__TI_decompress_none</name>
      </handler>
      <handler>
         <index>0x2</index>
         <name>__TI_zero_init</name>
      </handler>
   </handler_table>
   <symbol_table>
      <symbol id="sm-1">
         <name>__STACK_TOP</name>
         <value>0x20000200</value>
      </symbol>
      <symbol id="sm-2">
         <name>__start___llvm_prf_cnts</name>
         <value>0x20000000</value>
      </symbol>
      <symbol id="sm-3">
         <name>__stop___llvm_prf_cnts</name>
         <value>0x20000000</value>
      </symbol>
      <symbol id="sm-4">
         <name>__TI_CINIT_Base</name>
         <value>0xe58</value>
      </symbol>
      <symbol id="sm-5">
         <name>__TI_CINIT_Limit</name>
         <value>0xe68</value>
      </symbol>
      <symbol id="sm-6">
         <name>__TI_Handler_Table_Base</name>
         <value>0xe38</value>
      </symbol>
      <symbol id="sm-7">
         <name>__TI_Handler_Table_Limit</name>
         <value>0xe44</value>
      </symbol>
      <symbol id="sm-8">
         <name>binit</name>
         <value>0xffffffff</value>
      </symbol>
      <symbol id="sm-9">
         <name>__binit__</name>
         <value>0xffffffff</value>
      </symbol>
      <symbol id="sm-a">
         <name>__STACK_SIZE</name>
         <value>0x200</value>
      </symbol>
      <symbol id="sm-b">
         <name>__STACK_END</name>
         <value>0x20000200</value>
      </symbol>
      <symbol id="sm-c">
         <name>__c_args__</name>
         <value>0xffffffff</value>
      </symbol>
      <symbol id="sm-d">
         <name>__TI_pprof_out_hndl</name>
         <value>0xffffffff</value>
      </symbol>
      <symbol id="sm-e">
         <name>__TI_prof_data_start</name>
         <value>0xffffffff</value>
      </symbol>
      <symbol id="sm-f">
         <name>__TI_prof_data_size</name>
         <value>0xffffffff</value>
      </symbol>
      <symbol id="sm-78">
         <name>g_ui32SysClock</name>
         <value>0x20000204</value>
      </symbol>
      <symbol id="sm-79">
         <name>g_ui32PWMIncrement</name>
         <value>0x20000200</value>
      </symbol>
      <symbol id="sm-7a">
         <name>run_motor_speed</name>
         <value>0xb2d</value>
         <object_component_ref idref="oc-f1"/>
      </symbol>
      <symbol id="sm-7b">
         <name>main</name>
         <value>0x201</value>
         <object_component_ref idref="oc-b1"/>
      </symbol>
      <symbol id="sm-7c">
         <name>ConfigureUART</name>
         <value>0x981</value>
         <object_component_ref idref="oc-e5"/>
      </symbol>
      <symbol id="sm-b2">
         <name>ResetISR</name>
         <value>0xbb5</value>
         <object_component_ref idref="oc-28"/>
      </symbol>
      <symbol id="sm-b3">
         <name>g_pfnVectors</name>
         <value>0x0</value>
         <object_component_ref idref="oc-13"/>
      </symbol>
      <symbol id="sm-123">
         <name>UARTStdioConfig</name>
         <value>0x921</value>
         <object_component_ref idref="oc-156"/>
      </symbol>
      <symbol id="sm-124">
         <name>UARTwrite</name>
         <value>0x9dd</value>
         <object_component_ref idref="oc-1b8"/>
      </symbol>
      <symbol id="sm-125">
         <name>UARTprintf</name>
         <value>0xb8d</value>
         <object_component_ref idref="oc-eb"/>
      </symbol>
      <symbol id="sm-126">
         <name>UARTvprintf</name>
         <value>0x62d</value>
         <object_component_ref idref="oc-15d"/>
      </symbol>
      <symbol id="sm-1a3">
         <name>SysCtlClockFreqSet</name>
         <value>0x42d</value>
         <object_component_ref idref="oc-df"/>
      </symbol>
      <symbol id="sm-1b3">
         <name>__aeabi_uidivmod</name>
         <value>0xab9</value>
         <object_component_ref idref="oc-1be"/>
      </symbol>
      <symbol id="sm-1b4">
         <name>__aeabi_uidiv</name>
         <value>0xab9</value>
         <object_component_ref idref="oc-1be"/>
      </symbol>
      <symbol id="sm-1cd">
         <name>__TI_zero_init_nomemset</name>
         <value>0xb71</value>
         <object_component_ref idref="oc-5a"/>
      </symbol>
      <symbol id="sm-1e4">
         <name>__TI_decompress_none</name>
         <value>0xba7</value>
         <object_component_ref idref="oc-1c"/>
      </symbol>
      <symbol id="sm-207">
         <name>__TI_decompress_lzss</name>
         <value>0x8b7</value>
         <object_component_ref idref="oc-16"/>
      </symbol>
      <symbol id="sm-21a">
         <name>__stack</name>
         <value>0x20000000</value>
         <object_component_ref idref="oc-25"/>
      </symbol>
      <symbol id="sm-21b">
         <name>_c_int00_noargs</name>
         <value>0xaf9</value>
         <object_component_ref idref="oc-6c"/>
      </symbol>
      <symbol id="sm-225">
         <name>__aeabi_idiv0</name>
         <value>0xbc7</value>
         <object_component_ref idref="oc-1f3"/>
      </symbol>
      <symbol id="sm-226">
         <name>__aeabi_ldiv0</name>
         <value>0xbc7</value>
         <object_component_ref idref="oc-1f3"/>
      </symbol>
      <symbol id="sm-241">
         <name>memcpy</name>
         <value>0x81b</value>
         <object_component_ref idref="oc-4e"/>
      </symbol>
      <symbol id="sm-242">
         <name>__aeabi_memcpy</name>
         <value>0x81b</value>
         <object_component_ref idref="oc-4e"/>
      </symbol>
      <symbol id="sm-243">
         <name>__aeabi_memcpy8</name>
         <value>0x81b</value>
         <object_component_ref idref="oc-4e"/>
      </symbol>
      <symbol id="sm-244">
         <name>__aeabi_memcpy4</name>
         <value>0x81b</value>
         <object_component_ref idref="oc-4e"/>
      </symbol>
      <symbol id="sm-26d">
         <name>__TI_auto_init_nobinit_nopinit</name>
         <value>0xa75</value>
         <object_component_ref idref="oc-106"/>
      </symbol>
      <symbol id="sm-277">
         <name>_system_pre_init</name>
         <value>0xbbb</value>
         <object_component_ref idref="oc-ab"/>
      </symbol>
      <symbol id="sm-283">
         <name>C$$EXIT</name>
         <value>0xbbf</value>
         <object_component_ref idref="oc-fa"/>
      </symbol>
      <symbol id="sm-284">
         <name>abort</name>
         <value>0xbbf</value>
         <object_component_ref idref="oc-fa"/>
      </symbol>
      <symbol id="sm-287">
         <name>__TI_static_base__</name>
         <value>0x0</value>
      </symbol>
      <symbol id="sm-28a">
         <name>__mpu_init</name>
         <value>0x0</value>
      </symbol>
      <symbol id="sm-28b">
         <name>_system_post_cinit</name>
         <value>0x0</value>
      </symbol>
   </symbol_table>
   <title>Link successful</title>
</link_info>
