<?xml version="1.0" encoding="ISO-8859-1" ?>
<link_info>
   <banner>TI ARM Linker PC v20.2.5.LTS</banner>
   <copyright>Copyright (c) 1996-2018 Texas Instruments Incorporated</copyright>
   <link_time>0x62589ff6</link_time>
   <link_errors>0x0</link_errors>
   <output_file>RTES_Ex_5_RTOSFiles.out</output_file>
   <entry_point>
      <name>_c_int00_noargs</name>
      <address>0x8385</address>
   </entry_point>
   <input_file_list>
      <input_file id="fl-2">
         <path>.\</path>
         <kind>object</kind>
         <file>main.obj</file>
         <name>main.obj</name>
      </input_file>
      <input_file id="fl-3">
         <path>.\</path>
         <kind>object</kind>
         <file>tm4c1294ncpdt_startup_ccs.obj</file>
         <name>tm4c1294ncpdt_startup_ccs.obj</name>
      </input_file>
      <input_file id="fl-4">
         <path>.\</path>
         <kind>object</kind>
         <file>user_tasks.obj</file>
         <name>user_tasks.obj</name>
      </input_file>
      <input_file id="fl-5">
         <path>.\FreeRTOS\</path>
         <kind>object</kind>
         <file>croutine.obj</file>
         <name>croutine.obj</name>
      </input_file>
      <input_file id="fl-6">
         <path>.\FreeRTOS\</path>
         <kind>object</kind>
         <file>event_groups.obj</file>
         <name>event_groups.obj</name>
      </input_file>
      <input_file id="fl-7">
         <path>.\FreeRTOS\</path>
         <kind>object</kind>
         <file>list.obj</file>
         <name>list.obj</name>
      </input_file>
      <input_file id="fl-8">
         <path>.\FreeRTOS\</path>
         <kind>object</kind>
         <file>queue.obj</file>
         <name>queue.obj</name>
      </input_file>
      <input_file id="fl-9">
         <path>.\FreeRTOS\</path>
         <kind>object</kind>
         <file>stream_buffer.obj</file>
         <name>stream_buffer.obj</name>
      </input_file>
      <input_file id="fl-a">
         <path>.\FreeRTOS\</path>
         <kind>object</kind>
         <file>tasks.obj</file>
         <name>tasks.obj</name>
      </input_file>
      <input_file id="fl-b">
         <path>.\FreeRTOS\</path>
         <kind>object</kind>
         <file>timers.obj</file>
         <name>timers.obj</name>
      </input_file>
      <input_file id="fl-c">
         <path>.\FreeRTOS\portable\CCS\ARM_CM4F\</path>
         <kind>object</kind>
         <file>port.obj</file>
         <name>port.obj</name>
      </input_file>
      <input_file id="fl-d">
         <path>.\FreeRTOS\portable\CCS\ARM_CM4F\</path>
         <kind>object</kind>
         <file>portasm.obj</file>
         <name>portasm.obj</name>
      </input_file>
      <input_file id="fl-e">
         <path>.\FreeRTOS\portable\MemMang\</path>
         <kind>object</kind>
         <file>heap_2.obj</file>
         <name>heap_2.obj</name>
      </input_file>
      <input_file id="fl-f">
         <path>.\driverlib\</path>
         <kind>object</kind>
         <file>adc.obj</file>
         <name>adc.obj</name>
      </input_file>
      <input_file id="fl-10">
         <path>.\driverlib\</path>
         <kind>object</kind>
         <file>aes.obj</file>
         <name>aes.obj</name>
      </input_file>
      <input_file id="fl-11">
         <path>.\driverlib\</path>
         <kind>object</kind>
         <file>can.obj</file>
         <name>can.obj</name>
      </input_file>
      <input_file id="fl-12">
         <path>.\driverlib\</path>
         <kind>object</kind>
         <file>comp.obj</file>
         <name>comp.obj</name>
      </input_file>
      <input_file id="fl-13">
         <path>.\driverlib\</path>
         <kind>object</kind>
         <file>cpu.obj</file>
         <name>cpu.obj</name>
      </input_file>
      <input_file id="fl-14">
         <path>.\driverlib\</path>
         <kind>object</kind>
         <file>crc.obj</file>
         <name>crc.obj</name>
      </input_file>
      <input_file id="fl-15">
         <path>.\driverlib\</path>
         <kind>object</kind>
         <file>des.obj</file>
         <name>des.obj</name>
      </input_file>
      <input_file id="fl-16">
         <path>.\driverlib\</path>
         <kind>object</kind>
         <file>eeprom.obj</file>
         <name>eeprom.obj</name>
      </input_file>
      <input_file id="fl-17">
         <path>.\driverlib\</path>
         <kind>object</kind>
         <file>emac.obj</file>
         <name>emac.obj</name>
      </input_file>
      <input_file id="fl-18">
         <path>.\driverlib\</path>
         <kind>object</kind>
         <file>epi.obj</file>
         <name>epi.obj</name>
      </input_file>
      <input_file id="fl-19">
         <path>.\driverlib\</path>
         <kind>object</kind>
         <file>epi_workaround_ccs.obj</file>
         <name>epi_workaround_ccs.obj</name>
      </input_file>
      <input_file id="fl-1a">
         <path>.\driverlib\</path>
         <kind>object</kind>
         <file>flash.obj</file>
         <name>flash.obj</name>
      </input_file>
      <input_file id="fl-1b">
         <path>.\driverlib\</path>
         <kind>object</kind>
         <file>fpu.obj</file>
         <name>fpu.obj</name>
      </input_file>
      <input_file id="fl-1c">
         <path>.\driverlib\</path>
         <kind>object</kind>
         <file>gpio.obj</file>
         <name>gpio.obj</name>
      </input_file>
      <input_file id="fl-1d">
         <path>.\driverlib\</path>
         <kind>object</kind>
         <file>hibernate.obj</file>
         <name>hibernate.obj</name>
      </input_file>
      <input_file id="fl-1e">
         <path>.\driverlib\</path>
         <kind>object</kind>
         <file>i2c.obj</file>
         <name>i2c.obj</name>
      </input_file>
      <input_file id="fl-1f">
         <path>.\driverlib\</path>
         <kind>object</kind>
         <file>interrupt.obj</file>
         <name>interrupt.obj</name>
      </input_file>
      <input_file id="fl-20">
         <path>.\driverlib\</path>
         <kind>object</kind>
         <file>lcd.obj</file>
         <name>lcd.obj</name>
      </input_file>
      <input_file id="fl-21">
         <path>.\driverlib\</path>
         <kind>object</kind>
         <file>mpu.obj</file>
         <name>mpu.obj</name>
      </input_file>
      <input_file id="fl-22">
         <path>.\driverlib\</path>
         <kind>object</kind>
         <file>pwm.obj</file>
         <name>pwm.obj</name>
      </input_file>
      <input_file id="fl-23">
         <path>.\driverlib\</path>
         <kind>object</kind>
         <file>qei.obj</file>
         <name>qei.obj</name>
      </input_file>
      <input_file id="fl-24">
         <path>.\driverlib\</path>
         <kind>object</kind>
         <file>shamd5.obj</file>
         <name>shamd5.obj</name>
      </input_file>
      <input_file id="fl-25">
         <path>.\driverlib\</path>
         <kind>object</kind>
         <file>ssi.obj</file>
         <name>ssi.obj</name>
      </input_file>
      <input_file id="fl-26">
         <path>.\driverlib\</path>
         <kind>object</kind>
         <file>sw_crc.obj</file>
         <name>sw_crc.obj</name>
      </input_file>
      <input_file id="fl-27">
         <path>.\driverlib\</path>
         <kind>object</kind>
         <file>sysctl.obj</file>
         <name>sysctl.obj</name>
      </input_file>
      <input_file id="fl-28">
         <path>.\driverlib\</path>
         <kind>object</kind>
         <file>sysexc.obj</file>
         <name>sysexc.obj</name>
      </input_file>
      <input_file id="fl-29">
         <path>.\driverlib\</path>
         <kind>object</kind>
         <file>systick.obj</file>
         <name>systick.obj</name>
      </input_file>
      <input_file id="fl-2a">
         <path>.\driverlib\</path>
         <kind>object</kind>
         <file>timer.obj</file>
         <name>timer.obj</name>
      </input_file>
      <input_file id="fl-2b">
         <path>.\driverlib\</path>
         <kind>object</kind>
         <file>uart.obj</file>
         <name>uart.obj</name>
      </input_file>
      <input_file id="fl-2c">
         <path>.\driverlib\</path>
         <kind>object</kind>
         <file>udma.obj</file>
         <name>udma.obj</name>
      </input_file>
      <input_file id="fl-2d">
         <path>.\driverlib\</path>
         <kind>object</kind>
         <file>usb.obj</file>
         <name>usb.obj</name>
      </input_file>
      <input_file id="fl-2e">
         <path>.\driverlib\</path>
         <kind>object</kind>
         <file>watchdog.obj</file>
         <name>watchdog.obj</name>
      </input_file>
      <input_file id="fl-2f">
         <path>.\drivers\</path>
         <kind>object</kind>
         <file>pinout.obj</file>
         <name>pinout.obj</name>
      </input_file>
      <input_file id="fl-30">
         <path>.\utils\</path>
         <kind>object</kind>
         <file>uartstdio.obj</file>
         <name>uartstdio.obj</name>
      </input_file>
      <input_file id="fl-34">
         <kind>object</kind>
         <file>&lt;internal&gt;</file>
         <name>&lt;internal&gt;</name>
      </input_file>
      <input_file id="fl-ea">
         <path>C:\ti\ccs1110\ccs\tools\compiler\ti-cgt-arm_20.2.5.LTS\lib\</path>
         <kind>archive</kind>
         <file>rtsv7M4_T_le_v4SPD16_eabi.lib</file>
         <name>memcpy_t2.asm.obj</name>
      </input_file>
      <input_file id="fl-eb">
         <path>C:\ti\ccs1110\ccs\tools\compiler\ti-cgt-arm_20.2.5.LTS\lib\</path>
         <kind>archive</kind>
         <file>rtsv7M4_T_le_v4SPD16_eabi.lib</file>
         <name>u_divt2.asm.obj</name>
      </input_file>
      <input_file id="fl-ec">
         <path>C:\ti\ccs1110\ccs\tools\compiler\ti-cgt-arm_20.2.5.LTS\lib\</path>
         <kind>archive</kind>
         <file>rtsv7M4_T_le_v4SPD16_eabi.lib</file>
         <name>memset_t2.asm.obj</name>
      </input_file>
      <input_file id="fl-ed">
         <path>C:\ti\ccs1110\ccs\tools\compiler\ti-cgt-arm_20.2.5.LTS\lib\</path>
         <kind>archive</kind>
         <file>rtsv7M4_T_le_v4SPD16_eabi.lib</file>
         <name>copy_zero_init.c.obj</name>
      </input_file>
      <input_file id="fl-ee">
         <path>C:\ti\ccs1110\ccs\tools\compiler\ti-cgt-arm_20.2.5.LTS\lib\</path>
         <kind>archive</kind>
         <file>rtsv7M4_T_le_v4SPD16_eabi.lib</file>
         <name>copy_decompress_none.c.obj</name>
      </input_file>
      <input_file id="fl-ef">
         <path>C:\ti\ccs1110\ccs\tools\compiler\ti-cgt-arm_20.2.5.LTS\lib\</path>
         <kind>archive</kind>
         <file>rtsv7M4_T_le_v4SPD16_eabi.lib</file>
         <name>copy_decompress_lzss.c.obj</name>
      </input_file>
      <input_file id="fl-f0">
         <path>C:\ti\ccs1110\ccs\tools\compiler\ti-cgt-arm_20.2.5.LTS\lib\</path>
         <kind>archive</kind>
         <file>rtsv7M4_T_le_v4SPD16_eabi.lib</file>
         <name>boot_cortex_m.c.obj</name>
      </input_file>
      <input_file id="fl-f1">
         <path>C:\ti\ccs1110\ccs\tools\compiler\ti-cgt-arm_20.2.5.LTS\lib\</path>
         <kind>archive</kind>
         <file>rtsv7M4_T_le_v4SPD16_eabi.lib</file>
         <name>div0.asm.obj</name>
      </input_file>
      <input_file id="fl-f2">
         <path>C:\ti\ccs1110\ccs\tools\compiler\ti-cgt-arm_20.2.5.LTS\lib\</path>
         <kind>archive</kind>
         <file>rtsv7M4_T_le_v4SPD16_eabi.lib</file>
         <name>autoinit.c.obj</name>
      </input_file>
      <input_file id="fl-f3">
         <path>C:\ti\ccs1110\ccs\tools\compiler\ti-cgt-arm_20.2.5.LTS\lib\</path>
         <kind>archive</kind>
         <file>rtsv7M4_T_le_v4SPD16_eabi.lib</file>
         <name>pre_init.c.obj</name>
      </input_file>
      <input_file id="fl-f4">
         <path>C:\ti\ccs1110\ccs\tools\compiler\ti-cgt-arm_20.2.5.LTS\lib\</path>
         <kind>archive</kind>
         <file>rtsv7M4_T_le_v4SPD16_eabi.lib</file>
         <name>cpy_tbl.c.obj</name>
      </input_file>
      <input_file id="fl-f5">
         <path>C:\ti\ccs1110\ccs\tools\compiler\ti-cgt-arm_20.2.5.LTS\lib\</path>
         <kind>archive</kind>
         <file>rtsv7M4_T_le_v4SPD16_eabi.lib</file>
         <name>exit.c.obj</name>
      </input_file>
      <input_file id="fl-f6">
         <path>C:\ti\ccs1110\ccs\tools\compiler\ti-cgt-arm_20.2.5.LTS\lib\</path>
         <kind>archive</kind>
         <file>rtsv7M4_T_le_v4SPD16_eabi.lib</file>
         <name>_lock.c.obj</name>
      </input_file>
      <input_file id="fl-f7">
         <path>C:\ti\ccs1110\ccs\tools\compiler\ti-cgt-arm_20.2.5.LTS\lib\</path>
         <kind>archive</kind>
         <file>rtsv7M4_T_le_v4SPD16_eabi.lib</file>
         <name>args_main.c.obj</name>
      </input_file>
   </input_file_list>
   <object_component_list>
      <object_component id="oc-12">
         <name>.intvecs</name>
         <load_address>0x0</load_address>
         <run_address>0x0</run_address>
         <size>0x208</size>
         <input_file_ref idref="fl-3"/>
      </object_component>
      <object_component id="oc-85">
         <name>.text</name>
         <load_address>0x208</load_address>
         <run_address>0x208</run_address>
         <size>0x18e0</size>
         <input_file_ref idref="fl-a"/>
      </object_component>
      <object_component id="oc-a1">
         <name>.text</name>
         <load_address>0x1ae8</load_address>
         <run_address>0x1ae8</run_address>
         <size>0x15cc</size>
         <input_file_ref idref="fl-27"/>
      </object_component>
      <object_component id="oc-1af">
         <name>.text</name>
         <load_address>0x30b4</load_address>
         <run_address>0x30b4</run_address>
         <size>0x114c</size>
         <input_file_ref idref="fl-1c"/>
      </object_component>
      <object_component id="oc-bf">
         <name>.text</name>
         <load_address>0x4200</load_address>
         <run_address>0x4200</run_address>
         <size>0xd20</size>
         <input_file_ref idref="fl-8"/>
      </object_component>
      <object_component id="oc-a7">
         <name>.text</name>
         <load_address>0x4f20</load_address>
         <run_address>0x4f20</run_address>
         <size>0xcc8</size>
         <input_file_ref idref="fl-2a"/>
      </object_component>
      <object_component id="oc-b9">
         <name>.text</name>
         <load_address>0x5be8</load_address>
         <run_address>0x5be8</run_address>
         <size>0x99c</size>
         <input_file_ref idref="fl-4"/>
      </object_component>
      <object_component id="oc-140">
         <name>.text</name>
         <load_address>0x6584</load_address>
         <run_address>0x6584</run_address>
         <size>0x644</size>
         <input_file_ref idref="fl-b"/>
      </object_component>
      <object_component id="oc-9b">
         <name>.text</name>
         <load_address>0x6bc8</load_address>
         <run_address>0x6bc8</run_address>
         <size>0x56c</size>
         <input_file_ref idref="fl-30"/>
      </object_component>
      <object_component id="oc-ad">
         <name>.text</name>
         <load_address>0x7134</load_address>
         <run_address>0x7134</run_address>
         <size>0x490</size>
         <input_file_ref idref="fl-1f"/>
      </object_component>
      <object_component id="oc-38">
         <name>.text</name>
         <load_address>0x75c4</load_address>
         <run_address>0x75c4</run_address>
         <size>0x360</size>
         <input_file_ref idref="fl-2"/>
      </object_component>
      <object_component id="oc-b3">
         <name>.text</name>
         <load_address>0x7924</load_address>
         <run_address>0x7924</run_address>
         <size>0x324</size>
         <input_file_ref idref="fl-2f"/>
      </object_component>
      <object_component id="oc-128">
         <name>.text</name>
         <load_address>0x7c48</load_address>
         <run_address>0x7c48</run_address>
         <size>0x1b8</size>
         <input_file_ref idref="fl-e"/>
      </object_component>
      <object_component id="oc-32">
         <name>.text</name>
         <load_address>0x7e00</load_address>
         <run_address>0x7e00</run_address>
         <size>0x13c</size>
         <input_file_ref idref="fl-c"/>
      </object_component>
      <object_component id="oc-12e">
         <name>.text</name>
         <load_address>0x7f3c</load_address>
         <run_address>0x7f3c</run_address>
         <size>0x12a</size>
         <input_file_ref idref="fl-7"/>
      </object_component>
      <object_component id="oc-28c">
         <name>.text</name>
         <load_address>0x8066</load_address>
         <run_address>0x8066</run_address>
         <size>0x2</size>
         <input_file_ref idref="fl-f1"/>
      </object_component>
      <object_component id="oc-2d">
         <name>.text</name>
         <load_address>0x8068</load_address>
         <run_address>0x8068</run_address>
         <size>0xda</size>
         <input_file_ref idref="fl-d"/>
      </object_component>
      <object_component id="oc-4c">
         <name>.text</name>
         <load_address>0x8142</load_address>
         <run_address>0x8142</run_address>
         <size>0x9c</size>
         <input_file_ref idref="fl-ea"/>
      </object_component>
      <object_component id="oc-106">
         <name>.text</name>
         <load_address>0x81de</load_address>
         <run_address>0x81de</run_address>
         <size>0x7a</size>
         <input_file_ref idref="fl-ec"/>
      </object_component>
      <object_component id="oc-15">
         <name>.text:decompress:lzss:__TI_decompress_lzss</name>
         <load_address>0x8258</load_address>
         <run_address>0x8258</run_address>
         <size>0x68</size>
         <input_file_ref idref="fl-ef"/>
      </object_component>
      <object_component id="oc-20d">
         <name>.text:__TI_auto_init_nobinit_nopinit:__TI_auto_init_nobinit_nopinit</name>
         <load_address>0x82c0</load_address>
         <run_address>0x82c0</run_address>
         <size>0x44</size>
         <input_file_ref idref="fl-f2"/>
      </object_component>
      <object_component id="oc-167">
         <name>.text</name>
         <load_address>0x8304</load_address>
         <run_address>0x8304</run_address>
         <size>0x40</size>
         <input_file_ref idref="fl-eb"/>
      </object_component>
      <object_component id="oc-179">
         <name>.text</name>
         <load_address>0x8344</load_address>
         <run_address>0x8344</run_address>
         <size>0x3e</size>
         <input_file_ref idref="fl-13"/>
      </object_component>
      <object_component id="oc-6a">
         <name>.text:_c_int00_noargs:_c_int00_noargs</name>
         <load_address>0x8384</load_address>
         <run_address>0x8384</run_address>
         <size>0x34</size>
         <input_file_ref idref="fl-f0"/>
      </object_component>
      <object_component id="oc-1b">
         <name>.text:decompress:none:__TI_decompress_none</name>
         <load_address>0x83b8</load_address>
         <run_address>0x83b8</run_address>
         <size>0xe</size>
         <input_file_ref idref="fl-ee"/>
      </object_component>
      <object_component id="oc-5e">
         <name>.text:decompress:ZI:__TI_zero_init</name>
         <load_address>0x83c6</load_address>
         <run_address>0x83c6</run_address>
         <size>0xc</size>
         <input_file_ref idref="fl-ed"/>
      </object_component>
      <object_component id="oc-27">
         <name>.text</name>
         <load_address>0x83d2</load_address>
         <run_address>0x83d2</run_address>
         <size>0xc</size>
         <input_file_ref idref="fl-3"/>
      </object_component>
      <object_component id="oc-188">
         <name>.text:SysCtlDelay</name>
         <load_address>0x83de</load_address>
         <run_address>0x83de</run_address>
         <size>0x6</size>
         <input_file_ref idref="fl-27"/>
      </object_component>
      <object_component id="oc-10c">
         <name>.text:_system_pre_init</name>
         <load_address>0x83e4</load_address>
         <run_address>0x83e4</run_address>
         <size>0x4</size>
         <input_file_ref idref="fl-f3"/>
      </object_component>
      <object_component id="oc-201">
         <name>.text:abort:abort</name>
         <load_address>0x83e8</load_address>
         <run_address>0x83e8</run_address>
         <size>0x4</size>
         <input_file_ref idref="fl-f5"/>
      </object_component>
      <object_component id="oc-182">
         <name>.const:g_pppui32XTALtoVCO</name>
         <load_address>0x83ec</load_address>
         <run_address>0x83ec</run_address>
         <size>0x120</size>
         <input_file_ref idref="fl-27"/>
      </object_component>
      <object_component id="oc-2bc">
         <name>.const:g_ppui32GPIOIntMapBlizzard</name>
         <load_address>0x850c</load_address>
         <run_address>0x850c</run_address>
         <size>0xc0</size>
         <input_file_ref idref="fl-1c"/>
      </object_component>
      <object_component id="oc-2bf">
         <name>.const:g_ppui32GPIOIntMapSnowflake</name>
         <load_address>0x85cc</load_address>
         <run_address>0x85cc</run_address>
         <size>0xc0</size>
         <input_file_ref idref="fl-1c"/>
      </object_component>
      <object_component id="oc-19e">
         <name>.const:g_pui32Regs</name>
         <load_address>0x868c</load_address>
         <run_address>0x868c</run_address>
         <size>0x9c</size>
         <input_file_ref idref="fl-1f"/>
      </object_component>
      <object_component id="oc-2c2">
         <name>.const:g_pui32GPIOBaseAddrs</name>
         <load_address>0x8728</load_address>
         <run_address>0x8728</run_address>
         <size>0x90</size>
         <input_file_ref idref="fl-1c"/>
      </object_component>
      <object_component id="oc-17f">
         <name>.const:g_pui32Xtals</name>
         <load_address>0x87b8</load_address>
         <run_address>0x87b8</run_address>
         <size>0x6c</size>
         <input_file_ref idref="fl-27"/>
      </object_component>
      <object_component id="oc-190">
         <name>.const:g_ppui32TimerIntMap</name>
         <load_address>0x8824</load_address>
         <run_address>0x8824</run_address>
         <size>0x60</size>
         <input_file_ref idref="fl-2a"/>
      </object_component>
      <object_component id="oc-193">
         <name>.const:g_ppui32TimerIntMapSnowflake</name>
         <load_address>0x8884</load_address>
         <run_address>0x8884</run_address>
         <size>0x40</size>
         <input_file_ref idref="fl-2a"/>
      </object_component>
      <object_component id="oc-176">
         <name>.const:g_sXTALtoMEMTIM</name>
         <load_address>0x88c4</load_address>
         <run_address>0x88c4</run_address>
         <size>0x30</size>
         <input_file_ref idref="fl-27"/>
      </object_component>
      <object_component id="oc-19b">
         <name>.const:g_pui32Priority</name>
         <load_address>0x88f4</load_address>
         <run_address>0x88f4</run_address>
         <size>0x20</size>
         <input_file_ref idref="fl-1f"/>
      </object_component>
      <object_component id="oc-1a4">
         <name>.const:g_pui32Dii16Regs</name>
         <load_address>0x8914</load_address>
         <run_address>0x8914</run_address>
         <size>0x14</size>
         <input_file_ref idref="fl-1f"/>
      </object_component>
      <object_component id="oc-1a1">
         <name>.const:g_pui32EnRegs</name>
         <load_address>0x8928</load_address>
         <run_address>0x8928</run_address>
         <size>0x14</size>
         <input_file_ref idref="fl-1f"/>
      </object_component>
      <object_component id="oc-1a7">
         <name>.const:g_pui32PendRegs</name>
         <load_address>0x893c</load_address>
         <run_address>0x893c</run_address>
         <size>0x14</size>
         <input_file_ref idref="fl-1f"/>
      </object_component>
      <object_component id="oc-1aa">
         <name>.const:g_pui32UnpendRegs</name>
         <load_address>0x8950</load_address>
         <run_address>0x8950</run_address>
         <size>0x14</size>
         <input_file_ref idref="fl-1f"/>
      </object_component>
      <object_component id="oc-292">
         <name>.const:.string</name>
         <load_address>0x8964</load_address>
         <run_address>0x8964</run_address>
         <size>0x12</size>
         <input_file_ref idref="fl-30"/>
      </object_component>
      <object_component id="oc-164">
         <name>.const:g_ui32UARTBase</name>
         <load_address>0x8978</load_address>
         <run_address>0x8978</run_address>
         <size>0xc</size>
         <input_file_ref idref="fl-30"/>
      </object_component>
      <object_component id="oc-15e">
         <name>.const:g_ui32UARTPeriph</name>
         <load_address>0x8984</load_address>
         <run_address>0x8984</run_address>
         <size>0xc</size>
         <input_file_ref idref="fl-30"/>
      </object_component>
      <object_component id="oc-185">
         <name>.const:g_pui32VCOFrequencies</name>
         <load_address>0x8990</load_address>
         <run_address>0x8990</run_address>
         <size>0x8</size>
         <input_file_ref idref="fl-27"/>
      </object_component>
      <object_component id="oc-82">
         <name>.const</name>
         <load_address>0x8998</load_address>
         <run_address>0x8998</run_address>
         <size>0x4</size>
         <input_file_ref idref="fl-c"/>
      </object_component>
      <object_component id="oc-16c">
         <name>.const</name>
         <load_address>0x899c</load_address>
         <run_address>0x899c</run_address>
         <size>0x4</size>
         <input_file_ref idref="fl-30"/>
      </object_component>
      <object_component id="oc-37f">
         <name>.cinit..data.load</name>
         <load_address>0x89a0</load_address>
         <run_address>0x89a0</run_address>
         <size>0x25</size>
      </object_component>
      <object_component id="oc-37c">
         <name>__TI_handler_table</name>
         <load_address>0x89c8</load_address>
         <run_address>0x89c8</run_address>
         <size>0xc</size>
      </object_component>
      <object_component id="oc-380">
         <name>.cinit..bss.load</name>
         <load_address>0x89d8</load_address>
         <run_address>0x89d8</run_address>
         <size>0x8</size>
      </object_component>
      <object_component id="oc-37e">
         <name>.cinit..vtable.load</name>
         <load_address>0x89e0</load_address>
         <run_address>0x89e0</run_address>
         <size>0x8</size>
      </object_component>
      <object_component id="oc-37d">
         <name>__TI_cinit_table</name>
         <load_address>0x89e8</load_address>
         <run_address>0x89e8</run_address>
         <size>0x18</size>
      </object_component>
      <object_component id="oc-198">
         <name>.vtable</name>
         <uninitialized>true</uninitialized>
         <run_address>0x20000000</run_address>
         <size>0x26c</size>
         <input_file_ref idref="fl-1f"/>
      </object_component>
      <object_component id="oc-c8">
         <name>.data</name>
         <load_address>0x2000c9fc</load_address>
         <run_address>0x2000c9fc</run_address>
         <size>0x4</size>
         <input_file_ref idref="fl-2"/>
      </object_component>
      <object_component id="oc-d1">
         <name>.data:service_Freq_arr</name>
         <load_address>0x2000c9c4</load_address>
         <run_address>0x2000c9c4</run_address>
         <size>0x1c</size>
         <input_file_ref idref="fl-2"/>
      </object_component>
      <object_component id="oc-1b7">
         <name>.data</name>
         <load_address>0x2000c9a4</load_address>
         <run_address>0x2000c9a4</run_address>
         <size>0x20</size>
         <input_file_ref idref="fl-4"/>
      </object_component>
      <object_component id="oc-ce">
         <name>.data:ServiceNumber_arr</name>
         <load_address>0x2000c984</load_address>
         <run_address>0x2000c984</run_address>
         <size>0x20</size>
         <input_file_ref idref="fl-4"/>
      </object_component>
      <object_component id="oc-7f">
         <name>.data</name>
         <load_address>0x2000c950</load_address>
         <run_address>0x2000c950</run_address>
         <size>0x34</size>
         <input_file_ref idref="fl-a"/>
      </object_component>
      <object_component id="oc-268">
         <name>.data</name>
         <load_address>0x2000c9e0</load_address>
         <run_address>0x2000c9e0</run_address>
         <size>0xc</size>
         <input_file_ref idref="fl-b"/>
      </object_component>
      <object_component id="oc-8c">
         <name>.data</name>
         <load_address>0x2000ca00</load_address>
         <run_address>0x2000ca00</run_address>
         <size>0x4</size>
         <input_file_ref idref="fl-c"/>
      </object_component>
      <object_component id="oc-250">
         <name>.data</name>
         <load_address>0x2000c9ec</load_address>
         <run_address>0x2000c9ec</run_address>
         <size>0x8</size>
         <input_file_ref idref="fl-e"/>
      </object_component>
      <object_component id="oc-161">
         <name>.data</name>
         <load_address>0x2000c9f4</load_address>
         <run_address>0x2000c9f4</run_address>
         <size>0x5</size>
         <input_file_ref idref="fl-30"/>
      </object_component>
      <object_component id="oc-134">
         <name>.bss:pxReadyTasksLists</name>
         <uninitialized>true</uninitialized>
         <run_address>0x2000c5bc</run_address>
         <size>0x64</size>
         <input_file_ref idref="fl-a"/>
      </object_component>
      <object_component id="oc-149">
         <name>.bss:xDelayedTaskList1</name>
         <uninitialized>true</uninitialized>
         <run_address>0x2000c6c8</run_address>
         <size>0x14</size>
         <input_file_ref idref="fl-a"/>
      </object_component>
      <object_component id="oc-14c">
         <name>.bss:xDelayedTaskList2</name>
         <uninitialized>true</uninitialized>
         <run_address>0x2000c6dc</run_address>
         <size>0x14</size>
         <input_file_ref idref="fl-a"/>
      </object_component>
      <object_component id="oc-13a">
         <name>.bss</name>
         <uninitialized>true</uninitialized>
         <run_address>0x2000c72c</run_address>
         <size>0x8</size>
         <input_file_ref idref="fl-a"/>
      </object_component>
      <object_component id="oc-146">
         <name>.bss:xPendingReadyList</name>
         <uninitialized>true</uninitialized>
         <run_address>0x2000c6f0</run_address>
         <size>0x14</size>
         <input_file_ref idref="fl-a"/>
      </object_component>
      <object_component id="oc-137">
         <name>.bss:xTasksWaitingTermination</name>
         <uninitialized>true</uninitialized>
         <run_address>0x2000c718</run_address>
         <size>0x14</size>
         <input_file_ref idref="fl-a"/>
      </object_component>
      <object_component id="oc-13d">
         <name>.bss:xSuspendedTaskList</name>
         <uninitialized>true</uninitialized>
         <run_address>0x2000c704</run_address>
         <size>0x14</size>
         <input_file_ref idref="fl-a"/>
      </object_component>
      <object_component id="oc-26e">
         <name>.bss:xActiveTimerList1</name>
         <uninitialized>true</uninitialized>
         <run_address>0x2000c6a0</run_address>
         <size>0x14</size>
         <input_file_ref idref="fl-b"/>
      </object_component>
      <object_component id="oc-271">
         <name>.bss:xActiveTimerList2</name>
         <uninitialized>true</uninitialized>
         <run_address>0x2000c6b4</run_address>
         <size>0x14</size>
         <input_file_ref idref="fl-b"/>
      </object_component>
      <object_component id="oc-26b">
         <name>.bss</name>
         <uninitialized>true</uninitialized>
         <run_address>0x2000c734</run_address>
         <size>0x8</size>
         <input_file_ref idref="fl-b"/>
      </object_component>
      <object_component id="oc-259">
         <name>.bss:ucHeap</name>
         <uninitialized>true</uninitialized>
         <run_address>0x2000026c</run_address>
         <size>0xc350</size>
         <input_file_ref idref="fl-e"/>
      </object_component>
      <object_component id="oc-253">
         <name>.bss:xStart</name>
         <uninitialized>true</uninitialized>
         <run_address>0x2000c744</run_address>
         <size>0x8</size>
         <input_file_ref idref="fl-e"/>
      </object_component>
      <object_component id="oc-256">
         <name>.bss:xEnd</name>
         <uninitialized>true</uninitialized>
         <run_address>0x2000c73c</run_address>
         <size>0x8</size>
         <input_file_ref idref="fl-e"/>
      </object_component>
      <object_component id="oc-c5">
         <name>.common:ui32Period</name>
         <uninitialized>true</uninitialized>
         <run_address>0x2000c74c</run_address>
         <size>0x4</size>
      </object_component>
      <object_component id="oc-d4">
         <name>.common:xsemS</name>
         <uninitialized>true</uninitialized>
         <run_address>0x2000c680</run_address>
         <size>0x20</size>
      </object_component>
      <object_component id="oc-cb">
         <name>.common:WCET_arr</name>
         <uninitialized>true</uninitialized>
         <run_address>0x2000c660</run_address>
         <size>0x20</size>
      </object_component>
      <object_component id="oc-1c0">
         <name>.common:xQueueRegistry</name>
         <uninitialized>true</uninitialized>
         <run_address>0x2000c620</run_address>
         <size>0x40</size>
      </object_component>
      <object_component id="oc-24">
         <name>.stack</name>
         <uninitialized>true</uninitialized>
         <run_address>0x2000c750</run_address>
         <size>0x4</size>
         <input_file_ref idref="fl-f0"/>
      </object_component>
      <object_component id="oc-382">
         <name>.stack</name>
         <uninitialized>true</uninitialized>
         <run_address>0x2000c750</run_address>
         <size>0x0</size>
      </object_component>
      <object_component id="oc-c6">
         <name>.debug_info</name>
         <load_address>0x0</load_address>
         <run_address>0x0</run_address>
         <size>0x79d</size>
         <input_file_ref idref="fl-2"/>
      </object_component>
      <object_component id="oc-c9">
         <name>.debug_info</name>
         <load_address>0x79d</load_address>
         <run_address>0x79d</run_address>
         <size>0xfd</size>
         <input_file_ref idref="fl-2"/>
      </object_component>
      <object_component id="oc-d2">
         <name>.debug_info</name>
         <load_address>0x89a</load_address>
         <run_address>0x89a</run_address>
         <size>0x117</size>
         <input_file_ref idref="fl-2"/>
      </object_component>
      <object_component id="oc-3b">
         <name>.debug_info</name>
         <load_address>0x9b1</load_address>
         <run_address>0x9b1</run_address>
         <size>0x4b5</size>
         <input_file_ref idref="fl-2"/>
      </object_component>
      <object_component id="oc-154">
         <name>.debug_info</name>
         <load_address>0xe66</load_address>
         <run_address>0xe66</run_address>
         <size>0x315</size>
         <input_file_ref idref="fl-2"/>
      </object_component>
      <object_component id="oc-e7">
         <name>.debug_info</name>
         <load_address>0x117b</load_address>
         <run_address>0x117b</run_address>
         <size>0x26b</size>
         <input_file_ref idref="fl-2"/>
      </object_component>
      <object_component id="oc-1df">
         <name>.debug_info</name>
         <load_address>0x13e6</load_address>
         <run_address>0x13e6</run_address>
         <size>0x461</size>
         <input_file_ref idref="fl-2"/>
      </object_component>
      <object_component id="oc-1d0">
         <name>.debug_info</name>
         <load_address>0x1847</load_address>
         <run_address>0x1847</run_address>
         <size>0x4f</size>
         <input_file_ref idref="fl-2"/>
      </object_component>
      <object_component id="oc-1d5">
         <name>.debug_info</name>
         <load_address>0x1896</load_address>
         <run_address>0x1896</run_address>
         <size>0x2c</size>
         <input_file_ref idref="fl-2"/>
      </object_component>
      <object_component id="oc-d6">
         <name>.debug_info</name>
         <load_address>0x18c2</load_address>
         <run_address>0x18c2</run_address>
         <size>0x8b</size>
         <input_file_ref idref="fl-2"/>
      </object_component>
      <object_component id="oc-91">
         <name>.debug_info</name>
         <load_address>0x194d</load_address>
         <run_address>0x194d</run_address>
         <size>0x2c</size>
         <input_file_ref idref="fl-2"/>
      </object_component>
      <object_component id="oc-1ec">
         <name>.debug_info</name>
         <load_address>0x1979</load_address>
         <run_address>0x1979</run_address>
         <size>0x2a4</size>
         <input_file_ref idref="fl-2"/>
      </object_component>
      <object_component id="oc-18a">
         <name>.debug_info</name>
         <load_address>0x1c1d</load_address>
         <run_address>0x1c1d</run_address>
         <size>0xef</size>
         <input_file_ref idref="fl-2"/>
      </object_component>
      <object_component id="oc-db">
         <name>.debug_info</name>
         <load_address>0x1d0c</load_address>
         <run_address>0x1d0c</run_address>
         <size>0xbb</size>
         <input_file_ref idref="fl-2"/>
      </object_component>
      <object_component id="oc-96">
         <name>.debug_info</name>
         <load_address>0x1dc7</load_address>
         <run_address>0x1dc7</run_address>
         <size>0x53</size>
         <input_file_ref idref="fl-2"/>
      </object_component>
      <object_component id="oc-1da">
         <name>.debug_info</name>
         <load_address>0x1e1a</load_address>
         <run_address>0x1e1a</run_address>
         <size>0xcc</size>
         <input_file_ref idref="fl-2"/>
      </object_component>
      <object_component id="oc-171">
         <name>.debug_info</name>
         <load_address>0x1ee6</load_address>
         <run_address>0x1ee6</run_address>
         <size>0x2c</size>
         <input_file_ref idref="fl-2"/>
      </object_component>
      <object_component id="oc-159">
         <name>.debug_info</name>
         <load_address>0x1f12</load_address>
         <run_address>0x1f12</run_address>
         <size>0x14c</size>
         <input_file_ref idref="fl-2"/>
      </object_component>
      <object_component id="oc-40">
         <name>.debug_info</name>
         <load_address>0x205e</load_address>
         <run_address>0x205e</run_address>
         <size>0x433</size>
         <input_file_ref idref="fl-3"/>
      </object_component>
      <object_component id="oc-13">
         <name>.debug_info</name>
         <load_address>0x2491</load_address>
         <run_address>0x2491</run_address>
         <size>0x124</size>
         <input_file_ref idref="fl-3"/>
      </object_component>
      <object_component id="oc-28">
         <name>.debug_info</name>
         <load_address>0x25b5</load_address>
         <run_address>0x25b5</run_address>
         <size>0x2a3</size>
         <input_file_ref idref="fl-3"/>
      </object_component>
      <object_component id="oc-ec">
         <name>.debug_info</name>
         <load_address>0x2858</load_address>
         <run_address>0x2858</run_address>
         <size>0x461</size>
         <input_file_ref idref="fl-3"/>
      </object_component>
      <object_component id="oc-47">
         <name>.debug_info</name>
         <load_address>0x2cb9</load_address>
         <run_address>0x2cb9</run_address>
         <size>0x84</size>
         <input_file_ref idref="fl-3"/>
      </object_component>
      <object_component id="oc-e2">
         <name>.debug_info</name>
         <load_address>0x2d3d</load_address>
         <run_address>0x2d3d</run_address>
         <size>0x53</size>
         <input_file_ref idref="fl-3"/>
      </object_component>
      <object_component id="oc-cc">
         <name>.debug_info</name>
         <load_address>0x2d90</load_address>
         <run_address>0x2d90</run_address>
         <size>0x77c</size>
         <input_file_ref idref="fl-4"/>
      </object_component>
      <object_component id="oc-1b8">
         <name>.debug_info</name>
         <load_address>0x350c</load_address>
         <run_address>0x350c</run_address>
         <size>0x1cc</size>
         <input_file_ref idref="fl-4"/>
      </object_component>
      <object_component id="oc-cf">
         <name>.debug_info</name>
         <load_address>0x36d8</load_address>
         <run_address>0x36d8</run_address>
         <size>0x11f</size>
         <input_file_ref idref="fl-4"/>
      </object_component>
      <object_component id="oc-ba">
         <name>.debug_info</name>
         <load_address>0x37f7</load_address>
         <run_address>0x37f7</run_address>
         <size>0xe47</size>
         <input_file_ref idref="fl-4"/>
      </object_component>
      <object_component id="oc-1bb">
         <name>.debug_info</name>
         <load_address>0x463e</load_address>
         <run_address>0x463e</run_address>
         <size>0x4f</size>
         <input_file_ref idref="fl-4"/>
      </object_component>
      <object_component id="oc-2d2">
         <name>.debug_info</name>
         <load_address>0x468d</load_address>
         <run_address>0x468d</run_address>
         <size>0x667</size>
         <input_file_ref idref="fl-6"/>
      </object_component>
      <object_component id="oc-1c9">
         <name>.debug_info</name>
         <load_address>0x4cf4</load_address>
         <run_address>0x4cf4</run_address>
         <size>0x110</size>
         <input_file_ref idref="fl-6"/>
      </object_component>
      <object_component id="oc-24b">
         <name>.debug_info</name>
         <load_address>0x4e04</load_address>
         <run_address>0x4e04</run_address>
         <size>0x461</size>
         <input_file_ref idref="fl-6"/>
      </object_component>
      <object_component id="oc-319">
         <name>.debug_info</name>
         <load_address>0x5265</load_address>
         <run_address>0x5265</run_address>
         <size>0x76</size>
         <input_file_ref idref="fl-6"/>
      </object_component>
      <object_component id="oc-31e">
         <name>.debug_info</name>
         <load_address>0x52db</load_address>
         <run_address>0x52db</run_address>
         <size>0x39</size>
         <input_file_ref idref="fl-6"/>
      </object_component>
      <object_component id="oc-25f">
         <name>.debug_info</name>
         <load_address>0x5314</load_address>
         <run_address>0x5314</run_address>
         <size>0x399</size>
         <input_file_ref idref="fl-7"/>
      </object_component>
      <object_component id="oc-132">
         <name>.debug_info</name>
         <load_address>0x56ad</load_address>
         <run_address>0x56ad</run_address>
         <size>0x4df</size>
         <input_file_ref idref="fl-7"/>
      </object_component>
      <object_component id="oc-1c1">
         <name>.debug_info</name>
         <load_address>0x5b8c</load_address>
         <run_address>0x5b8c</run_address>
         <size>0x8c8</size>
         <input_file_ref idref="fl-8"/>
      </object_component>
      <object_component id="oc-c3">
         <name>.debug_info</name>
         <load_address>0x6454</load_address>
         <run_address>0x6454</run_address>
         <size>0x366f</size>
         <input_file_ref idref="fl-8"/>
      </object_component>
      <object_component id="oc-2cd">
         <name>.debug_info</name>
         <load_address>0x9ac3</load_address>
         <run_address>0x9ac3</run_address>
         <size>0x23f</size>
         <input_file_ref idref="fl-8"/>
      </object_component>
      <object_component id="oc-1c4">
         <name>.debug_info</name>
         <load_address>0x9d02</load_address>
         <run_address>0x9d02</run_address>
         <size>0x46</size>
         <input_file_ref idref="fl-8"/>
      </object_component>
      <object_component id="oc-241">
         <name>.debug_info</name>
         <load_address>0x9d48</load_address>
         <run_address>0x9d48</run_address>
         <size>0x35</size>
         <input_file_ref idref="fl-8"/>
      </object_component>
      <object_component id="oc-1f8">
         <name>.debug_info</name>
         <load_address>0x9d7d</load_address>
         <run_address>0x9d7d</run_address>
         <size>0x2c</size>
         <input_file_ref idref="fl-9"/>
      </object_component>
      <object_component id="oc-120">
         <name>.debug_info</name>
         <load_address>0x9da9</load_address>
         <run_address>0x9da9</run_address>
         <size>0x7a7</size>
         <input_file_ref idref="fl-a"/>
      </object_component>
      <object_component id="oc-80">
         <name>.debug_info</name>
         <load_address>0xa550</load_address>
         <run_address>0xa550</run_address>
         <size>0x37c</size>
         <input_file_ref idref="fl-a"/>
      </object_component>
      <object_component id="oc-135">
         <name>.debug_info</name>
         <load_address>0xa8cc</load_address>
         <run_address>0xa8cc</run_address>
         <size>0x123</size>
         <input_file_ref idref="fl-a"/>
      </object_component>
      <object_component id="oc-14a">
         <name>.debug_info</name>
         <load_address>0xa9ef</load_address>
         <run_address>0xa9ef</run_address>
         <size>0x123</size>
         <input_file_ref idref="fl-a"/>
      </object_component>
      <object_component id="oc-14d">
         <name>.debug_info</name>
         <load_address>0xab12</load_address>
         <run_address>0xab12</run_address>
         <size>0x123</size>
         <input_file_ref idref="fl-a"/>
      </object_component>
      <object_component id="oc-13b">
         <name>.debug_info</name>
         <load_address>0xac35</load_address>
         <run_address>0xac35</run_address>
         <size>0x166</size>
         <input_file_ref idref="fl-a"/>
      </object_component>
      <object_component id="oc-147">
         <name>.debug_info</name>
         <load_address>0xad9b</load_address>
         <run_address>0xad9b</run_address>
         <size>0x123</size>
         <input_file_ref idref="fl-a"/>
      </object_component>
      <object_component id="oc-138">
         <name>.debug_info</name>
         <load_address>0xaebe</load_address>
         <run_address>0xaebe</run_address>
         <size>0x131</size>
         <input_file_ref idref="fl-a"/>
      </object_component>
      <object_component id="oc-13e">
         <name>.debug_info</name>
         <load_address>0xafef</load_address>
         <run_address>0xafef</run_address>
         <size>0x125</size>
         <input_file_ref idref="fl-a"/>
      </object_component>
      <object_component id="oc-87">
         <name>.debug_info</name>
         <load_address>0xb114</load_address>
         <run_address>0xb114</run_address>
         <size>0x49eb</size>
         <input_file_ref idref="fl-a"/>
      </object_component>
      <object_component id="oc-121">
         <name>.debug_info</name>
         <load_address>0xfaff</load_address>
         <run_address>0xfaff</run_address>
         <size>0x30c</size>
         <input_file_ref idref="fl-a"/>
      </object_component>
      <object_component id="oc-246">
         <name>.debug_info</name>
         <load_address>0xfe0b</load_address>
         <run_address>0xfe0b</run_address>
         <size>0x144</size>
         <input_file_ref idref="fl-a"/>
      </object_component>
      <object_component id="oc-27a">
         <name>.debug_info</name>
         <load_address>0xff4f</load_address>
         <run_address>0xff4f</run_address>
         <size>0x878</size>
         <input_file_ref idref="fl-b"/>
      </object_component>
      <object_component id="oc-26f">
         <name>.debug_info</name>
         <load_address>0x107c7</load_address>
         <run_address>0x107c7</run_address>
         <size>0x123</size>
         <input_file_ref idref="fl-b"/>
      </object_component>
      <object_component id="oc-272">
         <name>.debug_info</name>
         <load_address>0x108ea</load_address>
         <run_address>0x108ea</run_address>
         <size>0x123</size>
         <input_file_ref idref="fl-b"/>
      </object_component>
      <object_component id="oc-26c">
         <name>.debug_info</name>
         <load_address>0x10a0d</load_address>
         <run_address>0x10a0d</run_address>
         <size>0x15b</size>
         <input_file_ref idref="fl-b"/>
      </object_component>
      <object_component id="oc-269">
         <name>.debug_info</name>
         <load_address>0x10b68</load_address>
         <run_address>0x10b68</run_address>
         <size>0x147</size>
         <input_file_ref idref="fl-b"/>
      </object_component>
      <object_component id="oc-141">
         <name>.debug_info</name>
         <load_address>0x10caf</load_address>
         <run_address>0x10caf</run_address>
         <size>0x1db3</size>
         <input_file_ref idref="fl-b"/>
      </object_component>
      <object_component id="oc-27b">
         <name>.debug_info</name>
         <load_address>0x12a62</load_address>
         <run_address>0x12a62</run_address>
         <size>0x1ce</size>
         <input_file_ref idref="fl-b"/>
      </object_component>
      <object_component id="oc-275">
         <name>.debug_info</name>
         <load_address>0x12c30</load_address>
         <run_address>0x12c30</run_address>
         <size>0x46</size>
         <input_file_ref idref="fl-b"/>
      </object_component>
      <object_component id="oc-90">
         <name>.debug_info</name>
         <load_address>0x12c76</load_address>
         <run_address>0x12c76</run_address>
         <size>0x434</size>
         <input_file_ref idref="fl-c"/>
      </object_component>
      <object_component id="oc-83">
         <name>.debug_info</name>
         <load_address>0x130aa</load_address>
         <run_address>0x130aa</run_address>
         <size>0x150</size>
         <input_file_ref idref="fl-c"/>
      </object_component>
      <object_component id="oc-8d">
         <name>.debug_info</name>
         <load_address>0x131fa</load_address>
         <run_address>0x131fa</run_address>
         <size>0x137</size>
         <input_file_ref idref="fl-c"/>
      </object_component>
      <object_component id="oc-33">
         <name>.debug_info</name>
         <load_address>0x13331</load_address>
         <run_address>0x13331</run_address>
         <size>0x6e7</size>
         <input_file_ref idref="fl-c"/>
      </object_component>
      <object_component id="oc-2f">
         <name>.debug_info</name>
         <load_address>0x13a18</load_address>
         <run_address>0x13a18</run_address>
         <size>0x285</size>
         <input_file_ref idref="fl-d"/>
      </object_component>
      <object_component id="oc-25d">
         <name>.debug_info</name>
         <load_address>0x13c9d</load_address>
         <run_address>0x13c9d</run_address>
         <size>0x443</size>
         <input_file_ref idref="fl-e"/>
      </object_component>
      <object_component id="oc-25a">
         <name>.debug_info</name>
         <load_address>0x140e0</load_address>
         <run_address>0x140e0</run_address>
         <size>0x11e</size>
         <input_file_ref idref="fl-e"/>
      </object_component>
      <object_component id="oc-254">
         <name>.debug_info</name>
         <load_address>0x141fe</load_address>
         <run_address>0x141fe</run_address>
         <size>0x11e</size>
         <input_file_ref idref="fl-e"/>
      </object_component>
      <object_component id="oc-257">
         <name>.debug_info</name>
         <load_address>0x1431c</load_address>
         <run_address>0x1431c</run_address>
         <size>0x11a</size>
         <input_file_ref idref="fl-e"/>
      </object_component>
      <object_component id="oc-251">
         <name>.debug_info</name>
         <load_address>0x14436</load_address>
         <run_address>0x14436</run_address>
         <size>0x138</size>
         <input_file_ref idref="fl-e"/>
      </object_component>
      <object_component id="oc-12a">
         <name>.debug_info</name>
         <load_address>0x1456e</load_address>
         <run_address>0x1456e</run_address>
         <size>0x698</size>
         <input_file_ref idref="fl-e"/>
      </object_component>
      <object_component id="oc-2f7">
         <name>.debug_info</name>
         <load_address>0x14c06</load_address>
         <run_address>0x14c06</run_address>
         <size>0x62</size>
         <input_file_ref idref="fl-e"/>
      </object_component>
      <object_component id="oc-17b">
         <name>.debug_info</name>
         <load_address>0x14c68</load_address>
         <run_address>0x14c68</run_address>
         <size>0x370</size>
         <input_file_ref idref="fl-13"/>
      </object_component>
      <object_component id="oc-2c6">
         <name>.debug_info</name>
         <load_address>0x14fd8</load_address>
         <run_address>0x14fd8</run_address>
         <size>0x3b3</size>
         <input_file_ref idref="fl-1c"/>
      </object_component>
      <object_component id="oc-2bd">
         <name>.debug_info</name>
         <load_address>0x1538b</load_address>
         <run_address>0x1538b</run_address>
         <size>0x134</size>
         <input_file_ref idref="fl-1c"/>
      </object_component>
      <object_component id="oc-2c0">
         <name>.debug_info</name>
         <load_address>0x154bf</load_address>
         <run_address>0x154bf</run_address>
         <size>0x136</size>
         <input_file_ref idref="fl-1c"/>
      </object_component>
      <object_component id="oc-2c3">
         <name>.debug_info</name>
         <load_address>0x155f5</load_address>
         <run_address>0x155f5</run_address>
         <size>0x128</size>
         <input_file_ref idref="fl-1c"/>
      </object_component>
      <object_component id="oc-1b0">
         <name>.debug_info</name>
         <load_address>0x1571d</load_address>
         <run_address>0x1571d</run_address>
         <size>0x389a</size>
         <input_file_ref idref="fl-1c"/>
      </object_component>
      <object_component id="oc-1ae">
         <name>.debug_info</name>
         <load_address>0x18fb7</load_address>
         <run_address>0x18fb7</run_address>
         <size>0x3a0</size>
         <input_file_ref idref="fl-1f"/>
      </object_component>
      <object_component id="oc-19c">
         <name>.debug_info</name>
         <load_address>0x19357</load_address>
         <run_address>0x19357</run_address>
         <size>0x123</size>
         <input_file_ref idref="fl-1f"/>
      </object_component>
      <object_component id="oc-19f">
         <name>.debug_info</name>
         <load_address>0x1947a</load_address>
         <run_address>0x1947a</run_address>
         <size>0x11b</size>
         <input_file_ref idref="fl-1f"/>
      </object_component>
      <object_component id="oc-1a2">
         <name>.debug_info</name>
         <load_address>0x19595</load_address>
         <run_address>0x19595</run_address>
         <size>0x11f</size>
         <input_file_ref idref="fl-1f"/>
      </object_component>
      <object_component id="oc-1a5">
         <name>.debug_info</name>
         <load_address>0x196b4</load_address>
         <run_address>0x196b4</run_address>
         <size>0x125</size>
         <input_file_ref idref="fl-1f"/>
      </object_component>
      <object_component id="oc-1a8">
         <name>.debug_info</name>
         <load_address>0x197d9</load_address>
         <run_address>0x197d9</run_address>
         <size>0x123</size>
         <input_file_ref idref="fl-1f"/>
      </object_component>
      <object_component id="oc-1ab">
         <name>.debug_info</name>
         <load_address>0x198fc</load_address>
         <run_address>0x198fc</run_address>
         <size>0x127</size>
         <input_file_ref idref="fl-1f"/>
      </object_component>
      <object_component id="oc-199">
         <name>.debug_info</name>
         <load_address>0x19a23</load_address>
         <run_address>0x19a23</run_address>
         <size>0x124</size>
         <input_file_ref idref="fl-1f"/>
      </object_component>
      <object_component id="oc-b1">
         <name>.debug_info</name>
         <load_address>0x19b47</load_address>
         <run_address>0x19b47</run_address>
         <size>0xde4</size>
         <input_file_ref idref="fl-1f"/>
      </object_component>
      <object_component id="oc-18f">
         <name>.debug_info</name>
         <load_address>0x1a92b</load_address>
         <run_address>0x1a92b</run_address>
         <size>0x411</size>
         <input_file_ref idref="fl-27"/>
      </object_component>
      <object_component id="oc-180">
         <name>.debug_info</name>
         <load_address>0x1ad3c</load_address>
         <run_address>0x1ad3c</run_address>
         <size>0x11a</size>
         <input_file_ref idref="fl-27"/>
      </object_component>
      <object_component id="oc-183">
         <name>.debug_info</name>
         <load_address>0x1ae56</load_address>
         <run_address>0x1ae56</run_address>
         <size>0x126</size>
         <input_file_ref idref="fl-27"/>
      </object_component>
      <object_component id="oc-177">
         <name>.debug_info</name>
         <load_address>0x1af7c</load_address>
         <run_address>0x1af7c</run_address>
         <size>0x120</size>
         <input_file_ref idref="fl-27"/>
      </object_component>
      <object_component id="oc-186">
         <name>.debug_info</name>
         <load_address>0x1b09c</load_address>
         <run_address>0x1b09c</run_address>
         <size>0x12d</size>
         <input_file_ref idref="fl-27"/>
      </object_component>
      <object_component id="oc-a2">
         <name>.debug_info</name>
         <load_address>0x1b1c9</load_address>
         <run_address>0x1b1c9</run_address>
         <size>0x2cb1</size>
         <input_file_ref idref="fl-27"/>
      </object_component>
      <object_component id="oc-2a2">
         <name>.debug_info</name>
         <load_address>0x1de7a</load_address>
         <run_address>0x1de7a</run_address>
         <size>0x51</size>
         <input_file_ref idref="fl-27"/>
      </object_component>
      <object_component id="oc-197">
         <name>.debug_info</name>
         <load_address>0x1decb</load_address>
         <run_address>0x1decb</run_address>
         <size>0x3b0</size>
         <input_file_ref idref="fl-2a"/>
      </object_component>
      <object_component id="oc-191">
         <name>.debug_info</name>
         <load_address>0x1e27b</load_address>
         <run_address>0x1e27b</run_address>
         <size>0x127</size>
         <input_file_ref idref="fl-2a"/>
      </object_component>
      <object_component id="oc-194">
         <name>.debug_info</name>
         <load_address>0x1e3a2</load_address>
         <run_address>0x1e3a2</run_address>
         <size>0x139</size>
         <input_file_ref idref="fl-2a"/>
      </object_component>
      <object_component id="oc-a9">
         <name>.debug_info</name>
         <load_address>0x1e4db</load_address>
         <run_address>0x1e4db</run_address>
         <size>0x2c34</size>
         <input_file_ref idref="fl-2a"/>
      </object_component>
      <object_component id="oc-1b6">
         <name>.debug_info</name>
         <load_address>0x2110f</load_address>
         <run_address>0x2110f</run_address>
         <size>0x38b</size>
         <input_file_ref idref="fl-2f"/>
      </object_component>
      <object_component id="oc-b6">
         <name>.debug_info</name>
         <load_address>0x2149a</load_address>
         <run_address>0x2149a</run_address>
         <size>0x537</size>
         <input_file_ref idref="fl-2f"/>
      </object_component>
      <object_component id="oc-170">
         <name>.debug_info</name>
         <load_address>0x219d1</load_address>
         <run_address>0x219d1</run_address>
         <size>0x2fd</size>
         <input_file_ref idref="fl-30"/>
      </object_component>
      <object_component id="oc-162">
         <name>.debug_info</name>
         <load_address>0x21cce</load_address>
         <run_address>0x21cce</run_address>
         <size>0x115</size>
         <input_file_ref idref="fl-30"/>
      </object_component>
      <object_component id="oc-16d">
         <name>.debug_info</name>
         <load_address>0x21de3</load_address>
         <run_address>0x21de3</run_address>
         <size>0x10f</size>
         <input_file_ref idref="fl-30"/>
      </object_component>
      <object_component id="oc-165">
         <name>.debug_info</name>
         <load_address>0x21ef2</load_address>
         <run_address>0x21ef2</run_address>
         <size>0x11d</size>
         <input_file_ref idref="fl-30"/>
      </object_component>
      <object_component id="oc-15f">
         <name>.debug_info</name>
         <load_address>0x2200f</load_address>
         <run_address>0x2200f</run_address>
         <size>0x121</size>
         <input_file_ref idref="fl-30"/>
      </object_component>
      <object_component id="oc-9c">
         <name>.debug_info</name>
         <load_address>0x22130</load_address>
         <run_address>0x22130</run_address>
         <size>0x7f5</size>
         <input_file_ref idref="fl-30"/>
      </object_component>
      <object_component id="oc-4d">
         <name>.debug_info</name>
         <load_address>0x22925</load_address>
         <run_address>0x22925</run_address>
         <size>0x119</size>
         <input_file_ref idref="fl-ea"/>
      </object_component>
      <object_component id="oc-168">
         <name>.debug_info</name>
         <load_address>0x22a3e</load_address>
         <run_address>0x22a3e</run_address>
         <size>0x142</size>
         <input_file_ref idref="fl-eb"/>
      </object_component>
      <object_component id="oc-108">
         <name>.debug_info</name>
         <load_address>0x22b80</load_address>
         <run_address>0x22b80</run_address>
         <size>0x147</size>
         <input_file_ref idref="fl-ec"/>
      </object_component>
      <object_component id="oc-105">
         <name>.debug_info</name>
         <load_address>0x22cc7</load_address>
         <run_address>0x22cc7</run_address>
         <size>0x2d4</size>
         <input_file_ref idref="fl-ed"/>
      </object_component>
      <object_component id="oc-61">
         <name>.debug_info</name>
         <load_address>0x22f9b</load_address>
         <run_address>0x22f9b</run_address>
         <size>0x1b5</size>
         <input_file_ref idref="fl-ed"/>
      </object_component>
      <object_component id="oc-100">
         <name>.debug_info</name>
         <load_address>0x23150</load_address>
         <run_address>0x23150</run_address>
         <size>0x46</size>
         <input_file_ref idref="fl-ed"/>
      </object_component>
      <object_component id="oc-57">
         <name>.debug_info</name>
         <load_address>0x23196</load_address>
         <run_address>0x23196</run_address>
         <size>0x2a8</size>
         <input_file_ref idref="fl-ee"/>
      </object_component>
      <object_component id="oc-1d">
         <name>.debug_info</name>
         <load_address>0x2343e</load_address>
         <run_address>0x2343e</run_address>
         <size>0x1ea</size>
         <input_file_ref idref="fl-ee"/>
      </object_component>
      <object_component id="oc-52">
         <name>.debug_info</name>
         <load_address>0x23628</load_address>
         <run_address>0x23628</run_address>
         <size>0x46</size>
         <input_file_ref idref="fl-ee"/>
      </object_component>
      <object_component id="oc-f8">
         <name>.debug_info</name>
         <load_address>0x2366e</load_address>
         <run_address>0x2366e</run_address>
         <size>0x2c</size>
         <input_file_ref idref="fl-ee"/>
      </object_component>
      <object_component id="oc-f6">
         <name>.debug_info</name>
         <load_address>0x2369a</load_address>
         <run_address>0x2369a</run_address>
         <size>0x29e</size>
         <input_file_ref idref="fl-ef"/>
      </object_component>
      <object_component id="oc-16">
         <name>.debug_info</name>
         <load_address>0x23938</load_address>
         <run_address>0x23938</run_address>
         <size>0x250</size>
         <input_file_ref idref="fl-ef"/>
      </object_component>
      <object_component id="oc-42">
         <name>.debug_info</name>
         <load_address>0x23b88</load_address>
         <run_address>0x23b88</run_address>
         <size>0x60</size>
         <input_file_ref idref="fl-ef"/>
      </object_component>
      <object_component id="oc-1f1">
         <name>.debug_info</name>
         <load_address>0x23be8</load_address>
         <run_address>0x23be8</run_address>
         <size>0x46</size>
         <input_file_ref idref="fl-ef"/>
      </object_component>
      <object_component id="oc-f1">
         <name>.debug_info</name>
         <load_address>0x23c2e</load_address>
         <run_address>0x23c2e</run_address>
         <size>0x39</size>
         <input_file_ref idref="fl-ef"/>
      </object_component>
      <object_component id="oc-25">
         <name>.debug_info</name>
         <load_address>0x23c67</load_address>
         <run_address>0x23c67</run_address>
         <size>0x10b</size>
         <input_file_ref idref="fl-f0"/>
      </object_component>
      <object_component id="oc-6b">
         <name>.debug_info</name>
         <load_address>0x23d72</load_address>
         <run_address>0x23d72</run_address>
         <size>0x1a9</size>
         <input_file_ref idref="fl-f0"/>
      </object_component>
      <object_component id="oc-28d">
         <name>.debug_info</name>
         <load_address>0x23f1b</load_address>
         <run_address>0x23f1b</run_address>
         <size>0x115</size>
         <input_file_ref idref="fl-f1"/>
      </object_component>
      <object_component id="oc-2de">
         <name>.debug_info</name>
         <load_address>0x24030</load_address>
         <run_address>0x24030</run_address>
         <size>0x4b3</size>
         <input_file_ref idref="fl-f2"/>
      </object_component>
      <object_component id="oc-20e">
         <name>.debug_info</name>
         <load_address>0x244e3</load_address>
         <run_address>0x244e3</run_address>
         <size>0x1a6</size>
         <input_file_ref idref="fl-f2"/>
      </object_component>
      <object_component id="oc-333">
         <name>.debug_info</name>
         <load_address>0x24689</load_address>
         <run_address>0x24689</run_address>
         <size>0x39</size>
         <input_file_ref idref="fl-f2"/>
      </object_component>
      <object_component id="oc-347">
         <name>.debug_info</name>
         <load_address>0x246c2</load_address>
         <run_address>0x246c2</run_address>
         <size>0x39</size>
         <input_file_ref idref="fl-f2"/>
      </object_component>
      <object_component id="oc-338">
         <name>.debug_info</name>
         <load_address>0x246fb</load_address>
         <run_address>0x246fb</run_address>
         <size>0x39</size>
         <input_file_ref idref="fl-f2"/>
      </object_component>
      <object_component id="oc-33d">
         <name>.debug_info</name>
         <load_address>0x24734</load_address>
         <run_address>0x24734</run_address>
         <size>0xcd</size>
         <input_file_ref idref="fl-f2"/>
      </object_component>
      <object_component id="oc-10d">
         <name>.debug_info</name>
         <load_address>0x24801</load_address>
         <run_address>0x24801</run_address>
         <size>0x153</size>
         <input_file_ref idref="fl-f3"/>
      </object_component>
      <object_component id="oc-203">
         <name>.debug_info</name>
         <load_address>0x24954</load_address>
         <run_address>0x24954</run_address>
         <size>0x122</size>
         <input_file_ref idref="fl-f5"/>
      </object_component>
      <object_component id="oc-383">
         <name>.debug_info</name>
         <load_address>0x24a76</load_address>
         <run_address>0x24a76</run_address>
         <size>0xd6</size>
      </object_component>
      <object_component id="oc-1cf">
         <name>.debug_line</name>
         <load_address>0x0</load_address>
         <run_address>0x0</run_address>
         <size>0x1b6</size>
         <input_file_ref idref="fl-2"/>
      </object_component>
      <object_component id="oc-1e5">
         <name>.debug_line</name>
         <load_address>0x1b6</load_address>
         <run_address>0x1b6</run_address>
         <size>0x2d</size>
         <input_file_ref idref="fl-2"/>
      </object_component>
      <object_component id="oc-1eb">
         <name>.debug_line</name>
         <load_address>0x1e3</load_address>
         <run_address>0x1e3</run_address>
         <size>0x2d</size>
         <input_file_ref idref="fl-2"/>
      </object_component>
      <object_component id="oc-3d">
         <name>.debug_line</name>
         <load_address>0x210</load_address>
         <run_address>0x210</run_address>
         <size>0xd2</size>
         <input_file_ref idref="fl-2"/>
      </object_component>
      <object_component id="oc-157">
         <name>.debug_line</name>
         <load_address>0x2e2</load_address>
         <run_address>0x2e2</run_address>
         <size>0x9d</size>
         <input_file_ref idref="fl-2"/>
      </object_component>
      <object_component id="oc-ea">
         <name>.debug_line</name>
         <load_address>0x37f</load_address>
         <run_address>0x37f</run_address>
         <size>0x6f</size>
         <input_file_ref idref="fl-2"/>
      </object_component>
      <object_component id="oc-1e2">
         <name>.debug_line</name>
         <load_address>0x3ee</load_address>
         <run_address>0x3ee</run_address>
         <size>0xa1</size>
         <input_file_ref idref="fl-2"/>
      </object_component>
      <object_component id="oc-1d3">
         <name>.debug_line</name>
         <load_address>0x48f</load_address>
         <run_address>0x48f</run_address>
         <size>0x9e</size>
         <input_file_ref idref="fl-2"/>
      </object_component>
      <object_component id="oc-1d8">
         <name>.debug_line</name>
         <load_address>0x52d</load_address>
         <run_address>0x52d</run_address>
         <size>0x9f</size>
         <input_file_ref idref="fl-2"/>
      </object_component>
      <object_component id="oc-d9">
         <name>.debug_line</name>
         <load_address>0x5cc</load_address>
         <run_address>0x5cc</run_address>
         <size>0x20</size>
         <input_file_ref idref="fl-2"/>
      </object_component>
      <object_component id="oc-94">
         <name>.debug_line</name>
         <load_address>0x5ec</load_address>
         <run_address>0x5ec</run_address>
         <size>0xa1</size>
         <input_file_ref idref="fl-2"/>
      </object_component>
      <object_component id="oc-1ef">
         <name>.debug_line</name>
         <load_address>0x68d</load_address>
         <run_address>0x68d</run_address>
         <size>0x73</size>
         <input_file_ref idref="fl-2"/>
      </object_component>
      <object_component id="oc-18d">
         <name>.debug_line</name>
         <load_address>0x700</load_address>
         <run_address>0x700</run_address>
         <size>0x6f</size>
         <input_file_ref idref="fl-2"/>
      </object_component>
      <object_component id="oc-de">
         <name>.debug_line</name>
         <load_address>0x76f</load_address>
         <run_address>0x76f</run_address>
         <size>0x70</size>
         <input_file_ref idref="fl-2"/>
      </object_component>
      <object_component id="oc-99">
         <name>.debug_line</name>
         <load_address>0x7df</load_address>
         <run_address>0x7df</run_address>
         <size>0xb0</size>
         <input_file_ref idref="fl-2"/>
      </object_component>
      <object_component id="oc-1dd">
         <name>.debug_line</name>
         <load_address>0x88f</load_address>
         <run_address>0x88f</run_address>
         <size>0x6a</size>
         <input_file_ref idref="fl-2"/>
      </object_component>
      <object_component id="oc-174">
         <name>.debug_line</name>
         <load_address>0x8f9</load_address>
         <run_address>0x8f9</run_address>
         <size>0x6b</size>
         <input_file_ref idref="fl-2"/>
      </object_component>
      <object_component id="oc-15c">
         <name>.debug_line</name>
         <load_address>0x964</load_address>
         <run_address>0x964</run_address>
         <size>0x9d</size>
         <input_file_ref idref="fl-2"/>
      </object_component>
      <object_component id="oc-e1">
         <name>.debug_line</name>
         <load_address>0xa01</load_address>
         <run_address>0xa01</run_address>
         <size>0x42</size>
         <input_file_ref idref="fl-3"/>
      </object_component>
      <object_component id="oc-3f">
         <name>.debug_line</name>
         <load_address>0xa43</load_address>
         <run_address>0xa43</run_address>
         <size>0x42</size>
         <input_file_ref idref="fl-3"/>
      </object_component>
      <object_component id="oc-2c">
         <name>.debug_line</name>
         <load_address>0xa85</load_address>
         <run_address>0xa85</run_address>
         <size>0xa2</size>
         <input_file_ref idref="fl-3"/>
      </object_component>
      <object_component id="oc-ef">
         <name>.debug_line</name>
         <load_address>0xb27</load_address>
         <run_address>0xb27</run_address>
         <size>0xa1</size>
         <input_file_ref idref="fl-3"/>
      </object_component>
      <object_component id="oc-4a">
         <name>.debug_line</name>
         <load_address>0xbc8</load_address>
         <run_address>0xbc8</run_address>
         <size>0x20</size>
         <input_file_ref idref="fl-3"/>
      </object_component>
      <object_component id="oc-e5">
         <name>.debug_line</name>
         <load_address>0xbe8</load_address>
         <run_address>0xbe8</run_address>
         <size>0x6b</size>
         <input_file_ref idref="fl-3"/>
      </object_component>
      <object_component id="oc-1e7">
         <name>.debug_line</name>
         <load_address>0xc53</load_address>
         <run_address>0xc53</run_address>
         <size>0x297</size>
         <input_file_ref idref="fl-4"/>
      </object_component>
      <object_component id="oc-2ca">
         <name>.debug_line</name>
         <load_address>0xeea</load_address>
         <run_address>0xeea</run_address>
         <size>0x33</size>
         <input_file_ref idref="fl-4"/>
      </object_component>
      <object_component id="oc-1e9">
         <name>.debug_line</name>
         <load_address>0xf1d</load_address>
         <run_address>0xf1d</run_address>
         <size>0x33</size>
         <input_file_ref idref="fl-4"/>
      </object_component>
      <object_component id="oc-bd">
         <name>.debug_line</name>
         <load_address>0xf50</load_address>
         <run_address>0xf50</run_address>
         <size>0x238</size>
         <input_file_ref idref="fl-4"/>
      </object_component>
      <object_component id="oc-1be">
         <name>.debug_line</name>
         <load_address>0x1188</load_address>
         <run_address>0x1188</run_address>
         <size>0x9f</size>
         <input_file_ref idref="fl-4"/>
      </object_component>
      <object_component id="oc-318">
         <name>.debug_line</name>
         <load_address>0x1227</load_address>
         <run_address>0x1227</run_address>
         <size>0x22b</size>
         <input_file_ref idref="fl-6"/>
      </object_component>
      <object_component id="oc-1cc">
         <name>.debug_line</name>
         <load_address>0x1452</load_address>
         <run_address>0x1452</run_address>
         <size>0x6b</size>
         <input_file_ref idref="fl-6"/>
      </object_component>
      <object_component id="oc-24e">
         <name>.debug_line</name>
         <load_address>0x14bd</load_address>
         <run_address>0x14bd</run_address>
         <size>0xa1</size>
         <input_file_ref idref="fl-6"/>
      </object_component>
      <object_component id="oc-31c">
         <name>.debug_line</name>
         <load_address>0x155e</load_address>
         <run_address>0x155e</run_address>
         <size>0x3e</size>
         <input_file_ref idref="fl-6"/>
      </object_component>
      <object_component id="oc-321">
         <name>.debug_line</name>
         <load_address>0x159c</load_address>
         <run_address>0x159c</run_address>
         <size>0xa5</size>
         <input_file_ref idref="fl-6"/>
      </object_component>
      <object_component id="oc-303">
         <name>.debug_line</name>
         <load_address>0x1641</load_address>
         <run_address>0x1641</run_address>
         <size>0x20</size>
         <input_file_ref idref="fl-7"/>
      </object_component>
      <object_component id="oc-12f">
         <name>.debug_line</name>
         <load_address>0x1661</load_address>
         <run_address>0x1661</run_address>
         <size>0xe8</size>
         <input_file_ref idref="fl-7"/>
      </object_component>
      <object_component id="oc-2cc">
         <name>.debug_line</name>
         <load_address>0x1749</load_address>
         <run_address>0x1749</run_address>
         <size>0x242</size>
         <input_file_ref idref="fl-8"/>
      </object_component>
      <object_component id="oc-c1">
         <name>.debug_line</name>
         <load_address>0x198b</load_address>
         <run_address>0x198b</run_address>
         <size>0x86d</size>
         <input_file_ref idref="fl-8"/>
      </object_component>
      <object_component id="oc-2d0">
         <name>.debug_line</name>
         <load_address>0x21f8</load_address>
         <run_address>0x21f8</run_address>
         <size>0x37</size>
         <input_file_ref idref="fl-8"/>
      </object_component>
      <object_component id="oc-1c7">
         <name>.debug_line</name>
         <load_address>0x222f</load_address>
         <run_address>0x222f</run_address>
         <size>0x9e</size>
         <input_file_ref idref="fl-8"/>
      </object_component>
      <object_component id="oc-244">
         <name>.debug_line</name>
         <load_address>0x22cd</load_address>
         <run_address>0x22cd</run_address>
         <size>0x74</size>
         <input_file_ref idref="fl-8"/>
      </object_component>
      <object_component id="oc-1fb">
         <name>.debug_line</name>
         <load_address>0x2341</load_address>
         <run_address>0x2341</run_address>
         <size>0x6b</size>
         <input_file_ref idref="fl-9"/>
      </object_component>
      <object_component id="oc-240">
         <name>.debug_line</name>
         <load_address>0x23ac</load_address>
         <run_address>0x23ac</run_address>
         <size>0x278</size>
         <input_file_ref idref="fl-a"/>
      </object_component>
      <object_component id="oc-11f">
         <name>.debug_line</name>
         <load_address>0x2624</load_address>
         <run_address>0x2624</run_address>
         <size>0x37</size>
         <input_file_ref idref="fl-a"/>
      </object_component>
      <object_component id="oc-261">
         <name>.debug_line</name>
         <load_address>0x265b</load_address>
         <run_address>0x265b</run_address>
         <size>0x37</size>
         <input_file_ref idref="fl-a"/>
      </object_component>
      <object_component id="oc-283">
         <name>.debug_line</name>
         <load_address>0x2692</load_address>
         <run_address>0x2692</run_address>
         <size>0x37</size>
         <input_file_ref idref="fl-a"/>
      </object_component>
      <object_component id="oc-285">
         <name>.debug_line</name>
         <load_address>0x26c9</load_address>
         <run_address>0x26c9</run_address>
         <size>0x37</size>
         <input_file_ref idref="fl-a"/>
      </object_component>
[...]
         <name>SysCtlLDODeepSleepGet</name>
         <value>0x2553</value>
         <object_component_ref idref="oc-a1"/>
      </symbol>
      <symbol id="sm-a05">
         <name>SysCtlFlashSectorSizeGet</name>
         <value>0x1e99</value>
         <object_component_ref idref="oc-a1"/>
      </symbol>
      <symbol id="sm-a06">
         <name>SysCtlIntDisable</name>
         <value>0x2469</value>
         <object_component_ref idref="oc-a1"/>
      </symbol>
      <symbol id="sm-a07">
         <name>SysCtlResetBehaviorGet</name>
         <value>0x2639</value>
         <object_component_ref idref="oc-a1"/>
      </symbol>
      <symbol id="sm-a08">
         <name>SysCtlPeripheralPresent</name>
         <value>0x1ef9</value>
         <object_component_ref idref="oc-a1"/>
      </symbol>
      <symbol id="sm-a09">
         <name>SysCtlDeepSleepClockSet</name>
         <value>0x2d69</value>
         <object_component_ref idref="oc-a1"/>
      </symbol>
      <symbol id="sm-a0a">
         <name>SysCtlClockSet</name>
         <value>0x29d5</value>
         <object_component_ref idref="oc-a1"/>
      </symbol>
      <symbol id="sm-a0b">
         <name>SysCtlAltClkConfig</name>
         <value>0x305d</value>
         <object_component_ref idref="oc-a1"/>
      </symbol>
      <symbol id="sm-a0c">
         <name>SysCtlPeripheralClockGating</name>
         <value>0x23dd</value>
         <object_component_ref idref="oc-a1"/>
      </symbol>
      <symbol id="sm-a0d">
         <name>SysCtlIntStatus</name>
         <value>0x2491</value>
         <object_component_ref idref="oc-a1"/>
      </symbol>
      <symbol id="sm-a0e">
         <name>SysCtlIntClear</name>
         <value>0x2481</value>
         <object_component_ref idref="oc-a1"/>
      </symbol>
      <symbol id="sm-a0f">
         <name>SysCtlVoltageEventStatus</name>
         <value>0x2feb</value>
         <object_component_ref idref="oc-a1"/>
      </symbol>
      <symbol id="sm-a10">
         <name>SysCtlVoltageEventConfig</name>
         <value>0x2fdb</value>
         <object_component_ref idref="oc-a1"/>
      </symbol>
      <symbol id="sm-a11">
         <name>SysCtlResetCauseGet</name>
         <value>0x25a9</value>
         <object_component_ref idref="oc-a1"/>
      </symbol>
      <symbol id="sm-a12">
         <name>SysCtlSleep</name>
         <value>0x2585</value>
         <object_component_ref idref="oc-a1"/>
      </symbol>
      <symbol id="sm-a13">
         <name>SysCtlPWMClockGet</name>
         <value>0x2e9d</value>
         <object_component_ref idref="oc-a1"/>
      </symbol>
      <symbol id="sm-a14">
         <name>SysCtlDeepSleepPowerSet</name>
         <value>0x256d</value>
         <object_component_ref idref="oc-a1"/>
      </symbol>
      <symbol id="sm-a15">
         <name>SysCtlClockOutConfig</name>
         <value>0x3025</value>
         <object_component_ref idref="oc-a1"/>
      </symbol>
      <symbol id="sm-a16">
         <name>SysCtlNMIStatus</name>
         <value>0x3005</value>
         <object_component_ref idref="oc-a1"/>
      </symbol>
      <symbol id="sm-a17">
         <name>SysCtlDeepSleepClockConfigSet</name>
         <value>0x2d85</value>
         <object_component_ref idref="oc-a1"/>
      </symbol>
      <symbol id="sm-a18">
         <name>SysCtlDelay</name>
         <value>0x83df</value>
         <object_component_ref idref="oc-188"/>
      </symbol>
      <symbol id="sm-a19">
         <name>SysCtlVoltageEventClear</name>
         <value>0x2ff1</value>
         <object_component_ref idref="oc-a1"/>
      </symbol>
      <symbol id="sm-a1a">
         <name>SysCtlLDOSleepSet</name>
         <value>0x24ad</value>
         <object_component_ref idref="oc-a1"/>
      </symbol>
      <symbol id="sm-a1b">
         <name>SysCtlMOSCConfigSet</name>
         <value>0x25c9</value>
         <object_component_ref idref="oc-a1"/>
      </symbol>
      <symbol id="sm-a1c">
         <name>SysCtlPeripheralEnable</name>
         <value>0x21e1</value>
         <object_component_ref idref="oc-a1"/>
      </symbol>
      <symbol id="sm-a1d">
         <name>SysCtlIntEnable</name>
         <value>0x2455</value>
         <object_component_ref idref="oc-a1"/>
      </symbol>
      <symbol id="sm-a1e">
         <name>SysCtlNMIClear</name>
         <value>0x300b</value>
         <object_component_ref idref="oc-a1"/>
      </symbol>
      <symbol id="sm-a1f">
         <name>SysCtlPeripheralPowerOff</name>
         <value>0x2091</value>
         <object_component_ref idref="oc-a1"/>
      </symbol>
      <symbol id="sm-a20">
         <name>SysCtlSleepPowerSet</name>
         <value>0x255d</value>
         <object_component_ref idref="oc-a1"/>
      </symbol>
      <symbol id="sm-a21">
         <name>SysCtlDeepSleep</name>
         <value>0x258d</value>
         <object_component_ref idref="oc-a1"/>
      </symbol>
      <symbol id="sm-a22">
         <name>SysCtlLDODeepSleepSet</name>
         <value>0x2505</value>
         <object_component_ref idref="oc-a1"/>
      </symbol>
      <symbol id="sm-a23">
         <name>SysCtlPeripheralPowerOn</name>
         <value>0x200d</value>
         <object_component_ref idref="oc-a1"/>
      </symbol>
      <symbol id="sm-a24">
         <name>SysCtlPeripheralDeepSleepDisable</name>
         <value>0x238f</value>
         <object_component_ref idref="oc-a1"/>
      </symbol>
      <symbol id="sm-a25">
         <name>SysCtlPeripheralSleepDisable</name>
         <value>0x22ed</value>
         <object_component_ref idref="oc-a1"/>
      </symbol>
      <symbol id="sm-a26">
         <name>SysCtlResetBehaviorSet</name>
         <value>0x2629</value>
         <object_component_ref idref="oc-a1"/>
      </symbol>
      <symbol id="sm-a27">
         <name>SysCtlReset</name>
         <value>0x257d</value>
         <object_component_ref idref="oc-a1"/>
      </symbol>
      <symbol id="sm-a28">
         <name>SysCtlGPIOAHBDisable</name>
         <value>0x2f59</value>
         <object_component_ref idref="oc-a1"/>
      </symbol>
      <symbol id="sm-a29">
         <name>SysCtlSRAMSizeGet</name>
         <value>0x1e63</value>
         <object_component_ref idref="oc-a1"/>
      </symbol>
      <symbol id="sm-a2a">
         <name>SysCtlClockGet</name>
         <value>0x2ba1</value>
         <object_component_ref idref="oc-a1"/>
      </symbol>
      <symbol id="sm-a2b">
         <name>SysCtlPeripheralDisable</name>
         <value>0x224d</value>
         <object_component_ref idref="oc-a1"/>
      </symbol>
      <symbol id="sm-a2c">
         <name>SysCtlPWMClockSet</name>
         <value>0x2e31</value>
         <object_component_ref idref="oc-a1"/>
      </symbol>
      <symbol id="sm-a2d">
         <name>SysCtlUSBPLLEnable</name>
         <value>0x2fc3</value>
         <object_component_ref idref="oc-a1"/>
      </symbol>
      <symbol id="sm-a2e">
         <name>SysCtlPeripheralSleepEnable</name>
         <value>0x229b</value>
         <object_component_ref idref="oc-a1"/>
      </symbol>
      <symbol id="sm-a2f">
         <name>SysCtlIntUnregister</name>
         <value>0x2445</value>
         <object_component_ref idref="oc-a1"/>
      </symbol>
      <symbol id="sm-a30">
         <name>SysCtlUSBPLLDisable</name>
         <value>0x2fcf</value>
         <object_component_ref idref="oc-a1"/>
      </symbol>
      <symbol id="sm-a31">
         <name>SysCtlPeripheralReady</name>
         <value>0x1f85</value>
         <object_component_ref idref="oc-a1"/>
      </symbol>
      <symbol id="sm-a32">
         <name>SysCtlPIOSCCalibrate</name>
         <value>0x25d9</value>
         <object_component_ref idref="oc-a1"/>
      </symbol>
      <symbol id="sm-a33">
         <name>SysCtlResetCauseClear</name>
         <value>0x25b5</value>
         <object_component_ref idref="oc-a1"/>
      </symbol>
      <symbol id="sm-a34">
         <name>SysCtlLDOSleepGet</name>
         <value>0x24fb</value>
         <object_component_ref idref="oc-a1"/>
      </symbol>
      <symbol id="sm-a35">
         <name>SysCtlClockFreqSet</name>
         <value>0x26a5</value>
         <object_component_ref idref="oc-a1"/>
      </symbol>
      <symbol id="sm-a36">
         <name>SysCtlPeripheralReset</name>
         <value>0x213d</value>
         <object_component_ref idref="oc-a1"/>
      </symbol>
      <symbol id="sm-b0b">
         <name>TimerMatchSet</name>
         <value>0x5891</value>
         <object_component_ref idref="oc-a7"/>
      </symbol>
      <symbol id="sm-b0c">
         <name>TimerLoadSet</name>
         <value>0x56f9</value>
         <object_component_ref idref="oc-a7"/>
      </symbol>
      <symbol id="sm-b0d">
         <name>TimerDMAEventSet</name>
         <value>0x5b51</value>
         <object_component_ref idref="oc-a7"/>
      </symbol>
      <symbol id="sm-b0e">
         <name>TimerADCEventSet</name>
         <value>0x5b15</value>
         <object_component_ref idref="oc-a7"/>
      </symbol>
      <symbol id="sm-b0f">
         <name>TimerPrescaleMatchGet</name>
         <value>0x56ad</value>
         <object_component_ref idref="oc-a7"/>
      </symbol>
      <symbol id="sm-b10">
         <name>TimerPrescaleGet</name>
         <value>0x55f7</value>
         <object_component_ref idref="oc-a7"/>
      </symbol>
      <symbol id="sm-b11">
         <name>TimerControlLevel</name>
         <value>0x5265</value>
         <object_component_ref idref="oc-a7"/>
      </symbol>
      <symbol id="sm-b12">
         <name>TimerDisable</name>
         <value>0x504d</value>
         <object_component_ref idref="oc-a7"/>
      </symbol>
      <symbol id="sm-b13">
         <name>TimerUpdateMode</name>
         <value>0x5b8d</value>
         <object_component_ref idref="oc-a7"/>
      </symbol>
      <symbol id="sm-b14">
         <name>TimerIntRegister</name>
         <value>0x599b</value>
         <object_component_ref idref="oc-a7"/>
      </symbol>
      <symbol id="sm-b15">
         <name>TimerMatchSet64</name>
         <value>0x592d</value>
         <object_component_ref idref="oc-a7"/>
      </symbol>
      <symbol id="sm-b16">
         <name>TimerEnable</name>
         <value>0x5003</value>
         <object_component_ref idref="oc-a7"/>
      </symbol>
      <symbol id="sm-b17">
         <name>TimerLoadGet64</name>
         <value>0x57bd</value>
         <object_component_ref idref="oc-a7"/>
      </symbol>
      <symbol id="sm-b18">
         <name>TimerIntUnregister</name>
         <value>0x5a05</value>
         <object_component_ref idref="oc-a7"/>
      </symbol>
      <symbol id="sm-b19">
         <name>TimerValueGet64</name>
         <value>0x584b</value>
         <object_component_ref idref="oc-a7"/>
      </symbol>
      <symbol id="sm-b1a">
         <name>TimerMatchGet</name>
         <value>0x58eb</value>
         <object_component_ref idref="oc-a7"/>
      </symbol>
      <symbol id="sm-b1b">
         <name>TimerIntStatus</name>
         <value>0x5aa9</value>
         <object_component_ref idref="oc-a7"/>
      </symbol>
      <symbol id="sm-b1c">
         <name>TimerClockSourceGet</name>
         <value>0x555f</value>
         <object_component_ref idref="oc-a7"/>
      </symbol>
      <symbol id="sm-b1d">
         <name>TimerIntDisable</name>
         <value>0x5a7d</value>
         <object_component_ref idref="oc-a7"/>
      </symbol>
      <symbol id="sm-b1e">
         <name>TimerValueGet</name>
         <value>0x5809</value>
         <object_component_ref idref="oc-a7"/>
      </symbol>
      <symbol id="sm-b1f">
         <name>TimerControlTrigger</name>
         <value>0x52e3</value>
         <object_component_ref idref="oc-a7"/>
      </symbol>
      <symbol id="sm-b20">
         <name>TimerPrescaleSet</name>
         <value>0x558d</value>
         <object_component_ref idref="oc-a7"/>
      </symbol>
      <symbol id="sm-b21">
         <name>TimerControlStall</name>
         <value>0x53e5</value>
         <object_component_ref idref="oc-a7"/>
      </symbol>
      <symbol id="sm-b22">
         <name>TimerMatchGet64</name>
         <value>0x5955</value>
         <object_component_ref idref="oc-a7"/>
      </symbol>
      <symbol id="sm-b23">
         <name>TimerRTCEnable</name>
         <value>0x54e1</value>
         <object_component_ref idref="oc-a7"/>
      </symbol>
      <symbol id="sm-b24">
         <name>TimerLoadGet</name>
         <value>0x5753</value>
         <object_component_ref idref="oc-a7"/>
      </symbol>
      <symbol id="sm-b25">
         <name>TimerIntEnable</name>
         <value>0x5a57</value>
         <object_component_ref idref="oc-a7"/>
      </symbol>
      <symbol id="sm-b26">
         <name>TimerClockSourceSet</name>
         <value>0x5529</value>
         <object_component_ref idref="oc-a7"/>
      </symbol>
      <symbol id="sm-b27">
         <name>TimerLoadSet64</name>
         <value>0x5795</value>
         <object_component_ref idref="oc-a7"/>
      </symbol>
      <symbol id="sm-b28">
         <name>TimerDMAEventGet</name>
         <value>0x5b71</value>
         <object_component_ref idref="oc-a7"/>
      </symbol>
      <symbol id="sm-b29">
         <name>TimerRTCDisable</name>
         <value>0x5505</value>
         <object_component_ref idref="oc-a7"/>
      </symbol>
      <symbol id="sm-b2a">
         <name>TimerADCEventGet</name>
         <value>0x5b35</value>
         <object_component_ref idref="oc-a7"/>
      </symbol>
      <symbol id="sm-b2b">
         <name>TimerPrescaleMatchSet</name>
         <value>0x5643</value>
         <object_component_ref idref="oc-a7"/>
      </symbol>
      <symbol id="sm-b2c">
         <name>TimerControlWaitOnTrigger</name>
         <value>0x5451</value>
         <object_component_ref idref="oc-a7"/>
      </symbol>
      <symbol id="sm-b2d">
         <name>TimerConfigure</name>
         <value>0x50c9</value>
         <object_component_ref idref="oc-a7"/>
      </symbol>
      <symbol id="sm-b2e">
         <name>TimerControlEvent</name>
         <value>0x5387</value>
         <object_component_ref idref="oc-a7"/>
      </symbol>
      <symbol id="sm-b2f">
         <name>TimerIntClear</name>
         <value>0x5ad5</value>
         <object_component_ref idref="oc-a7"/>
      </symbol>
      <symbol id="sm-b30">
         <name>TimerSynchronize</name>
         <value>0x5af5</value>
         <object_component_ref idref="oc-a7"/>
      </symbol>
      <symbol id="sm-b6d">
         <name>LEDWrite</name>
         <value>0x7af7</value>
         <object_component_ref idref="oc-b3"/>
      </symbol>
      <symbol id="sm-b6e">
         <name>LEDRead</name>
         <value>0x7b87</value>
         <object_component_ref idref="oc-b3"/>
      </symbol>
      <symbol id="sm-b6f">
         <name>PinoutSet</name>
         <value>0x7925</value>
         <object_component_ref idref="oc-b3"/>
      </symbol>
      <symbol id="sm-be9">
         <name>UARTgetc</name>
         <value>0x6da5</value>
         <object_component_ref idref="oc-9b"/>
      </symbol>
      <symbol id="sm-bea">
         <name>UARTgets</name>
         <value>0x6cb3</value>
         <object_component_ref idref="oc-9b"/>
      </symbol>
      <symbol id="sm-beb">
         <name>UARTStdioConfig</name>
         <value>0x6bc9</value>
         <object_component_ref idref="oc-9b"/>
      </symbol>
      <symbol id="sm-bec">
         <name>UARTwrite</name>
         <value>0x6c43</value>
         <object_component_ref idref="oc-9b"/>
      </symbol>
      <symbol id="sm-bed">
         <name>UARTprintf</name>
         <value>0x70ff</value>
         <object_component_ref idref="oc-9b"/>
      </symbol>
      <symbol id="sm-bee">
         <name>UARTvprintf</name>
         <value>0x6dd9</value>
         <object_component_ref idref="oc-9b"/>
      </symbol>
      <symbol id="sm-c09">
         <name>memcpy</name>
         <value>0x8143</value>
         <object_component_ref idref="oc-4c"/>
      </symbol>
      <symbol id="sm-c0a">
         <name>__aeabi_memcpy</name>
         <value>0x8143</value>
         <object_component_ref idref="oc-4c"/>
      </symbol>
      <symbol id="sm-c0b">
         <name>__aeabi_memcpy8</name>
         <value>0x8143</value>
         <object_component_ref idref="oc-4c"/>
      </symbol>
      <symbol id="sm-c0c">
         <name>__aeabi_memcpy4</name>
         <value>0x8143</value>
         <object_component_ref idref="oc-4c"/>
      </symbol>
      <symbol id="sm-c1b">
         <name>__aeabi_uidivmod</name>
         <value>0x8305</value>
         <object_component_ref idref="oc-167"/>
      </symbol>
      <symbol id="sm-c1c">
         <name>__aeabi_uidiv</name>
         <value>0x8305</value>
         <object_component_ref idref="oc-167"/>
      </symbol>
      <symbol id="sm-c2b">
         <name>__aeabi_memset</name>
         <value>0x81e1</value>
         <object_component_ref idref="oc-106"/>
      </symbol>
      <symbol id="sm-c2c">
         <name>memset</name>
         <value>0x81e7</value>
         <object_component_ref idref="oc-106"/>
      </symbol>
      <symbol id="sm-c2d">
         <name>__aeabi_memset8</name>
         <value>0x81e1</value>
         <object_component_ref idref="oc-106"/>
      </symbol>
      <symbol id="sm-c2e">
         <name>__aeabi_memset4</name>
         <value>0x81e1</value>
         <object_component_ref idref="oc-106"/>
      </symbol>
      <symbol id="sm-c2f">
         <name>__aeabi_memclr8</name>
         <value>0x81df</value>
         <object_component_ref idref="oc-106"/>
      </symbol>
      <symbol id="sm-c30">
         <name>__aeabi_memclr4</name>
         <value>0x81df</value>
         <object_component_ref idref="oc-106"/>
      </symbol>
      <symbol id="sm-c31">
         <name>__aeabi_memclr</name>
         <value>0x81df</value>
         <object_component_ref idref="oc-106"/>
      </symbol>
      <symbol id="sm-c43">
         <name>__TI_zero_init</name>
         <value>0x83c7</value>
         <object_component_ref idref="oc-5e"/>
      </symbol>
      <symbol id="sm-c5a">
         <name>__TI_decompress_none</name>
         <value>0x83b9</value>
         <object_component_ref idref="oc-1b"/>
      </symbol>
      <symbol id="sm-c7d">
         <name>__TI_decompress_lzss</name>
         <value>0x8259</value>
         <object_component_ref idref="oc-15"/>
      </symbol>
      <symbol id="sm-c90">
         <name>__stack</name>
         <value>0x2000c750</value>
         <object_component_ref idref="oc-24"/>
      </symbol>
      <symbol id="sm-c91">
         <name>_c_int00_noargs</name>
         <value>0x8385</value>
         <object_component_ref idref="oc-6a"/>
      </symbol>
      <symbol id="sm-c9b">
         <name>__aeabi_idiv0</name>
         <value>0x8067</value>
         <object_component_ref idref="oc-28c"/>
      </symbol>
      <symbol id="sm-c9c">
         <name>__aeabi_ldiv0</name>
         <value>0x8067</value>
         <object_component_ref idref="oc-28c"/>
      </symbol>
      <symbol id="sm-cc4">
         <name>__TI_auto_init_nobinit_nopinit</name>
         <value>0x82c1</value>
         <object_component_ref idref="oc-20d"/>
      </symbol>
      <symbol id="sm-cce">
         <name>_system_pre_init</name>
         <value>0x83e5</value>
         <object_component_ref idref="oc-10c"/>
      </symbol>
      <symbol id="sm-cda">
         <name>C$$EXIT</name>
         <value>0x83e9</value>
         <object_component_ref idref="oc-201"/>
      </symbol>
      <symbol id="sm-cdb">
         <name>abort</name>
         <value>0x83e9</value>
         <object_component_ref idref="oc-201"/>
      </symbol>
      <symbol id="sm-cde">
         <name>__TI_static_base__</name>
         <value>0x0</value>
      </symbol>
      <symbol id="sm-ce1">
         <name>__mpu_init</name>
         <value>0x0</value>
      </symbol>
      <symbol id="sm-ce2">
         <name>_system_post_cinit</name>
         <value>0x0</value>
      </symbol>
   </symbol_table>
   <title>Link successful</title>
</link_info>
